C:\Users\kruna\Documents\MCUXpressoIDE_25.6.136\Microprocessor_Project\CMSIS/core_cm4.h:1679:22:__NVIC_EnableIRQ	16	static
C:\Users\kruna\Documents\MCUXpressoIDE_25.6.136\Microprocessor_Project\drivers/fsl_common_arm.h:499:24:EnableIRQ	24	static
C:\Users\kruna\Documents\MCUXpressoIDE_25.6.136\Microprocessor_Project\drivers/fsl_pit.h:159:20:PIT_EnableInterrupts	24	static
C:\Users\kruna\Documents\MCUXpressoIDE_25.6.136\Microprocessor_Project\drivers/fsl_pit.h:246:20:PIT_SetTimerPeriod	24	static
C:\Users\kruna\Documents\MCUXpressoIDE_25.6.136\Microprocessor_Project\drivers/fsl_pit.h:288:20:PIT_StartTimer	16	static
../board/peripherals.c:109:13:GPIOA_init	8	static
../board/peripherals.c:140:13:GPIOD_init	8	static
../board/peripherals.c:185:13:PIT_init	40	static
../board/peripherals.c:201:6:BOARD_InitPeripherals	8	static
../board/peripherals.c:212:6:BOARD_InitBootPeripherals	8	static
