Archive member included to satisfy reference by file (symbol)

C:/nxp/MCUXpressoIDE_25.6.136/ide/plugins/com.nxp.mcuxpresso.tools.win32_25.6.0.202501151204/tools/bin/../lib/gcc/arm-none-eabi/14.2.1/../../../../arm-none-eabi/lib/thumb/v7e-m+fp/hard\libcr_nohost_nf.a(_cr__main.o)
                              ./startup/startup_mk66f18.o (__main)
C:/nxp/MCUXpressoIDE_25.6.136/ide/plugins/com.nxp.mcuxpresso.tools.win32_25.6.0.202501151204/tools/bin/../lib/gcc/arm-none-eabi/14.2.1/../../../../arm-none-eabi/lib/thumb/v7e-m+fp/hard\libcr_nohost_nf.a(_cr_assert.o)
                              ./drivers/fsl_clock.o (__assertion_failed)
C:/nxp/MCUXpressoIDE_25.6.136/ide/plugins/com.nxp.mcuxpresso.tools.win32_25.6.0.202501151204/tools/bin/../lib/gcc/arm-none-eabi/14.2.1/../../../../arm-none-eabi/lib/thumb/v7e-m+fp/hard\libcr_nohost_nf.a(__ciob.o)
                              C:/nxp/MCUXpressoIDE_25.6.136/ide/plugins/com.nxp.mcuxpresso.tools.win32_25.6.0.202501151204/tools/bin/../lib/gcc/arm-none-eabi/14.2.1/../../../../arm-none-eabi/lib/thumb/v7e-m+fp/hard\libcr_nohost_nf.a(_cr_assert.o) (__Ciob)
C:/nxp/MCUXpressoIDE_25.6.136/ide/plugins/com.nxp.mcuxpresso.tools.win32_25.6.0.202501151204/tools/bin/../lib/gcc/arm-none-eabi/14.2.1/../../../../arm-none-eabi/lib/thumb/v7e-m+fp/hard\libcr_nohost_nf.a(__sys_appexit.o)
                              C:/nxp/MCUXpressoIDE_25.6.136/ide/plugins/com.nxp.mcuxpresso.tools.win32_25.6.0.202501151204/tools/bin/../lib/gcc/arm-none-eabi/14.2.1/../../../../arm-none-eabi/lib/thumb/v7e-m+fp/hard\libcr_nohost_nf.a(_cr_assert.o) (__sys_appexit)
C:/nxp/MCUXpressoIDE_25.6.136/ide/plugins/com.nxp.mcuxpresso.tools.win32_25.6.0.202501151204/tools/bin/../lib/gcc/arm-none-eabi/14.2.1/../../../../arm-none-eabi/lib/thumb/v7e-m+fp/hard\libcr_c.a(memcpy.o)
                              ./utilities/fsl_str.o (memcpy)
C:/nxp/MCUXpressoIDE_25.6.136/ide/plugins/com.nxp.mcuxpresso.tools.win32_25.6.0.202501151204/tools/bin/../lib/gcc/arm-none-eabi/14.2.1/../../../../arm-none-eabi/lib/thumb/v7e-m+fp/hard\libcr_c.a(memset.o)
                              ./utilities/fsl_debug_console.o (memset)
C:/nxp/MCUXpressoIDE_25.6.136/ide/plugins/com.nxp.mcuxpresso.tools.win32_25.6.0.202501151204/tools/bin/../lib/gcc/arm-none-eabi/14.2.1/../../../../arm-none-eabi/lib/thumb/v7e-m+fp/hard\libcr_c.a(_deferredlazyseek.o)
                              C:/nxp/MCUXpressoIDE_25.6.136/ide/plugins/com.nxp.mcuxpresso.tools.win32_25.6.0.202501151204/tools/bin/../lib/gcc/arm-none-eabi/14.2.1/../../../../arm-none-eabi/lib/thumb/v7e-m+fp/hard\libcr_nohost_nf.a(_cr_assert.o) (__flsbuf)
C:/nxp/MCUXpressoIDE_25.6.136/ide/plugins/com.nxp.mcuxpresso.tools.win32_25.6.0.202501151204/tools/bin/../lib/gcc/arm-none-eabi/14.2.1/../../../../arm-none-eabi/lib/thumb/v7e-m+fp/hard\libcr_c.a(_fflush.o)
                              C:/nxp/MCUXpressoIDE_25.6.136/ide/plugins/com.nxp.mcuxpresso.tools.win32_25.6.0.202501151204/tools/bin/../lib/gcc/arm-none-eabi/14.2.1/../../../../arm-none-eabi/lib/thumb/v7e-m+fp/hard\libcr_c.a(_deferredlazyseek.o) (_fflush)
C:/nxp/MCUXpressoIDE_25.6.136/ide/plugins/com.nxp.mcuxpresso.tools.win32_25.6.0.202501151204/tools/bin/../lib/gcc/arm-none-eabi/14.2.1/../../../../arm-none-eabi/lib/thumb/v7e-m+fp/hard\libcr_c.a(_writebuf.o)
                              C:/nxp/MCUXpressoIDE_25.6.136/ide/plugins/com.nxp.mcuxpresso.tools.win32_25.6.0.202501151204/tools/bin/../lib/gcc/arm-none-eabi/14.2.1/../../../../arm-none-eabi/lib/thumb/v7e-m+fp/hard\libcr_c.a(_deferredlazyseek.o) (_Cwritebuf)
C:/nxp/MCUXpressoIDE_25.6.136/ide/plugins/com.nxp.mcuxpresso.tools.win32_25.6.0.202501151204/tools/bin/../lib/gcc/arm-none-eabi/14.2.1/../../../../arm-none-eabi/lib/thumb/v7e-m+fp/hard\libcr_c.a(alloc.o)
                              ./drivers/fsl_common.o (malloc)
C:/nxp/MCUXpressoIDE_25.6.136/ide/plugins/com.nxp.mcuxpresso.tools.win32_25.6.0.202501151204/tools/bin/../lib/gcc/arm-none-eabi/14.2.1/../../../../arm-none-eabi/lib/thumb/v7e-m+fp/hard\libcr_c.a(errno.o)
                              ./utilities/fsl_str.o (errno)
C:/nxp/MCUXpressoIDE_25.6.136/ide/plugins/com.nxp.mcuxpresso.tools.win32_25.6.0.202501151204/tools/bin/../lib/gcc/arm-none-eabi/14.2.1/../../../../arm-none-eabi/lib/thumb/v7e-m+fp/hard\libcr_c.a(fputs.o)
                              C:/nxp/MCUXpressoIDE_25.6.136/ide/plugins/com.nxp.mcuxpresso.tools.win32_25.6.0.202501151204/tools/bin/../lib/gcc/arm-none-eabi/14.2.1/../../../../arm-none-eabi/lib/thumb/v7e-m+fp/hard\libcr_nohost_nf.a(_cr_assert.o) (fputs)
C:/nxp/MCUXpressoIDE_25.6.136/ide/plugins/com.nxp.mcuxpresso.tools.win32_25.6.0.202501151204/tools/bin/../lib/gcc/arm-none-eabi/14.2.1/../../../../arm-none-eabi/lib/thumb/v7e-m+fp/hard\libcr_c.a(fseek.o)
                              C:/nxp/MCUXpressoIDE_25.6.136/ide/plugins/com.nxp.mcuxpresso.tools.win32_25.6.0.202501151204/tools/bin/../lib/gcc/arm-none-eabi/14.2.1/../../../../arm-none-eabi/lib/thumb/v7e-m+fp/hard\libcr_c.a(_deferredlazyseek.o) (fseek)
[...]
Memory Configuration

Name             Origin             Length             Attributes
PROGRAM_FLASH    0x00000000         0x00200000         xr
SRAM_UPPER       0x20000000         0x00030000         xrw
SRAM_LOWER       0x1fff0000         0x00010000         xrw
FLEX_RAM         0x14000000         0x00001000         xrw
*default*        0x00000000         0xffffffff

Linker script and memory map

LOAD ./utilities/fsl_debug_console.o
LOAD ./utilities/fsl_str.o
LOAD ./startup/startup_mk66f18.o
LOAD ./source/Function.o
LOAD ./source/Project.o
LOAD ./source/semihost_hardfault.o
LOAD ./drivers/fsl_clock.o
LOAD ./drivers/fsl_common.o
LOAD ./drivers/fsl_common_arm.o
LOAD ./drivers/fsl_gpio.o
LOAD ./drivers/fsl_i2c.o
LOAD ./drivers/fsl_pit.o
LOAD ./drivers/fsl_rtc.o
LOAD ./drivers/fsl_smc.o
LOAD ./drivers/fsl_uart.o
LOAD ./device/system_MK66F18.o
LOAD ./component/uart/fsl_adapter_uart.o
LOAD ./component/serial_manager/fsl_component_serial_manager.o
LOAD ./component/serial_manager/fsl_component_serial_port_uart.o
LOAD ./component/lists/fsl_component_generic_list.o
LOAD ./board/board.o
LOAD ./board/clock_config.o
LOAD ./board/peripherals.o
LOAD ./board/pin_mux.o
START GROUP
LOAD C:/nxp/MCUXpressoIDE_25.6.136/ide/plugins/com.nxp.mcuxpresso.tools.win32_25.6.0.202501151204/tools/bin/../lib/gcc/arm-none-eabi/14.2.1/../../../../arm-none-eabi/lib/thumb/v7e-m+fp/hard\libcr_nohost_nf.a
LOAD C:/nxp/MCUXpressoIDE_25.6.136/ide/plugins/com.nxp.mcuxpresso.tools.win32_25.6.0.202501151204/tools/bin/../lib/gcc/arm-none-eabi/14.2.1/../../../../arm-none-eabi/lib/thumb/v7e-m+fp/hard\libcr_c.a
LOAD C:/nxp/MCUXpressoIDE_25.6.136/ide/plugins/com.nxp.mcuxpresso.tools.win32_25.6.0.202501151204/tools/bin/../lib/gcc/arm-none-eabi/14.2.1/thumb/v7e-m+fp/hard\libcr_eabihelpers.a
LOAD C:/nxp/MCUXpressoIDE_25.6.136/ide/plugins/com.nxp.mcuxpresso.tools.win32_25.6.0.202501151204/tools/bin/../lib/gcc/arm-none-eabi/14.2.1/thumb/v7e-m+fp/hard\libgcc.a
END GROUP
                0x00000000                        __base_PROGRAM_FLASH = 0x0
                0x00000000                        __base_Flash = 0x0
                0x00200000                        __top_PROGRAM_FLASH = 0x200000
                0x00200000                        __top_Flash = 0x200000
                0x20000000                        __base_SRAM_UPPER = 0x20000000
                0x20000000                        __base_RAM = 0x20000000
                0x20030000                        __top_SRAM_UPPER = 0x20030000
                0x20030000                        __top_RAM = 0x20030000
                0x1fff0000                        __base_SRAM_LOWER = 0x1fff0000
                0x1fff0000                        __base_RAM2 = 0x1fff0000
                0x20000000                        __top_SRAM_LOWER = 0x20000000
                0x20000000                        __top_RAM2 = 0x20000000
                0x14000000                        __base_FLEX_RAM = 0x14000000
                0x14000000                        __base_RAM3 = 0x14000000
                0x14001000                        __top_FLEX_RAM = 0x14001000
                0x14001000                        __top_RAM3 = 0x14001000

.text           0x00000000     0x5290
 FILL mask 0xff
                0x00000000                        __vectors_start__ = ABSOLUTE (.)
 *(SORT_BY_ALIGNMENT(.isr_vector))
 .isr_vector    0x00000000      0x1d0 ./startup/startup_mk66f18.o
                0x00000000                g_pfnVectors
                0x00000000                __Vectors
                0x000001d0                        . = ALIGN (0x4)
                0x000001d0                        __section_table_start = .
                0x000001d0                        __data_section_table = .
                0x000001d0        0x4 LONG 0x5290 LOADADDR (.data)
                0x000001d4        0x4 LONG 0x20000000 ADDR (.data)
                0x000001d8        0x4 LONG 0x10 SIZEOF (.data)
                0x000001dc        0x4 LONG 0x5290 LOADADDR (.data_RAM2)
                0x000001e0        0x4 LONG 0x1fff0000 ADDR (.data_RAM2)
                0x000001e4        0x4 LONG 0x0 SIZEOF (.data_RAM2)
                0x000001e8        0x4 LONG 0x5290 LOADADDR (.data_RAM3)
                0x000001ec        0x4 LONG 0x14000000 ADDR (.data_RAM3)
                0x000001f0        0x4 LONG 0x0 SIZEOF (.data_RAM3)
                0x000001f4                        __data_section_table_end = .
                0x000001f4                        __bss_section_table = .
                0x000001f4        0x4 LONG 0x20000010 ADDR (.bss)
                0x000001f8        0x4 LONG 0x138 SIZEOF (.bss)
                0x000001fc        0x4 LONG 0x1fff0000 ADDR (.bss_RAM2)
                0x00000200        0x4 LONG 0x0 SIZEOF (.bss_RAM2)
                0x00000204        0x4 LONG 0x14000000 ADDR (.bss_RAM3)
                0x00000208        0x4 LONG 0x0 SIZEOF (.bss_RAM3)
                0x0000020c                        __bss_section_table_end = .
                0x0000020c                        __section_table_end = .
 *(SORT_BY_ALIGNMENT(.after_vectors*))
 .after_vectors.reset
                0x0000020c       0x4c ./startup/startup_mk66f18.o
                0x0000020c                ResetISR
 .after_vectors.init_data
                0x00000258       0x1e ./startup/startup_mk66f18.o
                0x00000258                data_init
 .after_vectors.init_bss
                0x00000276       0x12 ./startup/startup_mk66f18.o
                0x00000276                bss_init
 .after_vectors
                0x00000288       0x14 ./startup/startup_mk66f18.o
                0x00000288                NMI_Handler
                0x0000028c                MemManage_Handler
                0x0000028e                BusFault_Handler
                0x00000290                UsageFault_Handler
                0x00000292                SVC_Handler
                0x00000294                DebugMon_Handler
                0x00000296                PendSV_Handler
                0x00000298                SysTick_Handler
                0x0000029a                DMA_Error_DriverIRQHandler
                0x0000029a                FTM1_DriverIRQHandler
                0x0000029a                FTM2_DriverIRQHandler
                0x0000029a                PIT2_DriverIRQHandler
                0x0000029a                TPM2_DriverIRQHandler
                0x0000029a                SDHC_DriverIRQHandler
                0x0000029a                DMA7_DMA23_DriverIRQHandler
                0x0000029a                I2S0_Tx_DriverIRQHandler
                0x0000029a                TSI0_DriverIRQHandler
                0x0000029a                RTC_Seconds_DriverIRQHandler
                0x0000029a                CMP3_DriverIRQHandler
                0x0000029a                LLWU_DriverIRQHandler
                0x0000029a                MCM_DriverIRQHandler
                0x0000029a                DMA14_DMA30_DriverIRQHandler
                0x0000029a                MCG_DriverIRQHandler
                0x0000029a                ENET_1588_Timer_DriverIRQHandler
                0x0000029a                DAC1_DriverIRQHandler
                0x0000029a                LPTMR0_DriverIRQHandler
                0x0000029a                CMP1_DriverIRQHandler
                0x0000029a                USBHSDCD_DriverIRQHandler
                0x0000029a                DMA0_DMA16_DriverIRQHandler
                0x0000029a                FTM0_DriverIRQHandler
                0x0000029a                IntDefaultHandler
                0x0000029a                USB0_DriverIRQHandler
                0x0000029a                PORTC_DriverIRQHandler
                0x0000029a                DMA2_DMA18_DriverIRQHandler
                0x0000029a                DAC0_DriverIRQHandler
                0x0000029a                CMP2_DriverIRQHandler
                0x0000029a                UART2_ERR_DriverIRQHandler
                0x0000029a                SPI2_DriverIRQHandler
                0x0000029a                LVD_LVW_DriverIRQHandler
                0x0000029a                Reserved84_DriverIRQHandler
                0x0000029a                PIT0_DriverIRQHandler
                0x0000029a                SPI1_DriverIRQHandler
                0x0000029a                USBDCD_DriverIRQHandler
                0x0000029a                UART3_ERR_DriverIRQHandler
                0x0000029a                DMA12_DMA28_DriverIRQHandler
                0x0000029a                DMA10_DMA26_DriverIRQHandler
                0x0000029a                UART0_ERR_DriverIRQHandler
                0x0000029a                CMT_DriverIRQHandler
                0x0000029a                Reserved71_DriverIRQHandler
                0x0000029a                ADC1_DriverIRQHandler
                0x0000029a                PORTA_DriverIRQHandler
                0x0000029a                DMA1_DMA17_DriverIRQHandler
                0x0000029a                PIT3_DriverIRQHandler
                0x0000029a                PIT1_DriverIRQHandler
                0x0000029a                TPM1_DriverIRQHandler
                0x0000029a                WDOG_EWM_DriverIRQHandler
                0x0000029a                PDB0_DriverIRQHandler
                0x0000029a                DMA8_DMA24_DriverIRQHandler
                0x0000029a                DMA6_DMA22_DriverIRQHandler
                0x0000029a                RTC_DriverIRQHandler
                0x0000029a                I2S0_Rx_DriverIRQHandler
                0x0000029a                Read_Collision_DriverIRQHandler
                0x0000029a                SWI_DriverIRQHandler
                0x0000029a                UART4_ERR_DriverIRQHandler
                0x0000029a                PORTB_DriverIRQHandler
                0x0000029a                DMA13_DMA29_DriverIRQHandler
                0x0000029a                DMA11_DMA27_DriverIRQHandler
                0x0000029a                DMA4_DMA20_DriverIRQHandler
                0x0000029a                DMA9_DMA25_DriverIRQHandler
                0x0000029a                ENET_Receive_DriverIRQHandler
                0x0000029a                DMA3_DMA19_DriverIRQHandler
                0x0000029a                ENET_Error_DriverIRQHandler
                0x0000029a                LPUART0_DriverIRQHandler
                0x0000029a                Reserved85_DriverIRQHandler
                0x0000029a                SPI0_DriverIRQHandler
                0x0000029a                ADC0_DriverIRQHandler
                0x0000029a                USBHS_DriverIRQHandler
                0x0000029a                CMP0_DriverIRQHandler
                0x0000029a                CAN0_DriverIRQHandler
                0x0000029a                FTM3_DriverIRQHandler
                0x0000029a                DMA5_DMA21_DriverIRQHandler
                0x0000029a                RNG_DriverIRQHandler
                0x0000029a                DMA15_DMA31_DriverIRQHandler
                0x0000029a                UART1_ERR_DriverIRQHandler
                0x0000029a                ENET_Transmit_DriverIRQHandler
                0x0000029a                PORTD_DriverIRQHandler
                0x0000029a                Reserved46_DriverIRQHandler
                0x0000029a                PORTE_DriverIRQHandler
                0x0000029a                FTFE_DriverIRQHandler
                0x0000029a                CAN1_DriverIRQHandler
                0x00000400                        . = 0x400
 *fill*         0x0000029c      0x164 ff
                0x00000400                        PROVIDE (__FLASH_CONFIG_START__ = .)
 *(SORT_BY_ALIGNMENT(.FlashConfig))
 .FlashConfig   0x00000400       0x10 ./startup/startup_mk66f18.o
                0x00000400                Flash_Config
                0x00000410                        PROVIDE (__FLASH_CONFIG_END__ = .)
                0x00000001                        ASSERT (! ((__FLASH_CONFIG_START__ == __FLASH_CONFIG_END__)), Linker Flash Config Support Enabled, but no .FlashConfig section provided within application)
 *(SORT_BY_ALIGNMENT(.text*))
 .text.DbgConsole_ReadOneCharacter
                0x00000410       0x44 ./utilities/fsl_debug_console.o
                0x00000410                DbgConsole_ReadOneCharacter
 .text.DbgConsole_SendDataReliable
                0x00000454       0x54 ./utilities/fsl_debug_console.o
                0x00000454                DbgConsole_SendDataReliable
 .text.DbgConsole_ReadCharacter
                0x000004a8       0x44 ./utilities/fsl_debug_console.o
                0x000004a8                DbgConsole_ReadCharacter
 .text.DbgConsole_Init
                0x000004ec      0x118 ./utilities/fsl_debug_console.o
                0x000004ec                DbgConsole_Init
 .text.DbgConsole_Vprintf
                0x00000604       0x68 ./utilities/fsl_debug_console.o
                0x00000604                DbgConsole_Vprintf
 .text          0x0000066c       0xec ./source/Function.o
                0x0000066c                setup_red_led
                0x0000068a                setup_green_led
                0x000006a8                setup_blue_led
                0x000006c6                red_led_on
                0x000006d2                red_led_off
                0x000006de                green_led_on
                0x000006ea                green_led_off
                0x000006f6                blue_led_on
                0x00000702                blue_led_off
                0x0000070e                all_leds_off
 .text.read_uint_from_console
                0x00000758       0x78 ./source/Project.o
 .text.PIT0_IRQHandler
                0x000007d0      0x104 ./source/Project.o
                0x000007d0                PIT0_IRQHandler
 .text.PORTD_IRQHandler
                0x000008d4       0x9c ./source/Project.o
                0x000008d4                PORTD_IRQHandler
 .text.PORTA_IRQHandler
                0x00000970       0x88 ./source/Project.o
                0x00000970                PORTA_IRQHandler
 .text.main     0x000009f8      0x104 ./source/Project.o
                0x000009f8                main
 .text.CLOCK_SetEr32kClock
                0x00000afc       0x30 ./drivers/fsl_clock.o
 .text.CLOCK_SetPllFllSelClock
                0x00000b2c       0x54 ./drivers/fsl_clock.o
 .text.CLOCK_GetMcgExtClkFreq
                0x00000b80       0x7c ./drivers/fsl_clock.o
 .text.CLOCK_GetFllExtRefClkFreq
                0x00000bfc       0xb0 ./drivers/fsl_clock.o
 .text.CLOCK_GetInternalRefClkSelectFreq
                0x00000cac       0x4c ./drivers/fsl_clock.o
 .text.CLOCK_GetFllRefClkFreq
                0x00000cf8       0x34 ./drivers/fsl_clock.o
 .text.CLOCK_GetOscRangeFromFreq
                0x00000d2c       0x3c ./drivers/fsl_clock.o
 .text.CLOCK_GetOsc0ErClkUndivFreq
                0x00000d68       0x44 ./drivers/fsl_clock.o
                0x00000d68                CLOCK_GetOsc0ErClkUndivFreq
 .text.CLOCK_GetOsc0ErClkDivFreq
                0x00000dac       0x58 ./drivers/fsl_clock.o
                0x00000dac                CLOCK_GetOsc0ErClkDivFreq
 .text.CLOCK_GetEr32kClkFreq
                0x00000e04       0x74 ./drivers/fsl_clock.o
                0x00000e04                CLOCK_GetEr32kClkFreq
 .text.CLOCK_GetPllFllSelClkFreq
                0x00000e78       0x90 ./drivers/fsl_clock.o
                0x00000e78                CLOCK_GetPllFllSelClkFreq
 .text.CLOCK_GetCoreSysClkFreq
                0x00000f08       0x28 ./drivers/fsl_clock.o
                0x00000f08                CLOCK_GetCoreSysClkFreq
 .text.CLOCK_GetFreq
                0x00000f30      0x148 ./drivers/fsl_clock.o
                0x00000f30                CLOCK_GetFreq
 .text.CLOCK_SetSimConfig
                0x00001078       0x40 ./drivers/fsl_clock.o
                0x00001078                CLOCK_SetSimConfig
 .text.CLOCK_EnableUsbfs0Clock
                0x000010b8      0x11c ./drivers/fsl_clock.o
                0x000010b8                CLOCK_EnableUsbfs0Clock
 .text.CLOCK_GetOutClkFreq
                0x000011d4       0x90 ./drivers/fsl_clock.o
                0x000011d4                CLOCK_GetOutClkFreq
 .text.CLOCK_GetFllFreq
                0x00001264       0x84 ./drivers/fsl_clock.o
                0x00001264                CLOCK_GetFllFreq
 .text.CLOCK_GetInternalRefClkFreq
                0x000012e8       0x30 ./drivers/fsl_clock.o
                0x000012e8                CLOCK_GetInternalRefClkFreq
 .text.CLOCK_GetPll0Freq
                0x00001318       0x7c ./drivers/fsl_clock.o
                0x00001318                CLOCK_GetPll0Freq
 .text.CLOCK_GetExtPllFreq
                0x00001394       0x18 ./drivers/fsl_clock.o
                0x00001394                CLOCK_GetExtPllFreq
 .text.CLOCK_SetExtPllFreq
                0x000013ac       0x20 ./drivers/fsl_clock.o
                0x000013ac                CLOCK_SetExtPllFreq
 .text.CLOCK_SetExternalRefClkConfig
                0x000013cc       0x6c ./drivers/fsl_clock.o
                0x000013cc                CLOCK_SetExternalRefClkConfig
 .text.CLOCK_SetInternalRefClkConfig
                0x00001438      0x104 ./drivers/fsl_clock.o
                0x00001438                CLOCK_SetInternalRefClkConfig
 .text.CLOCK_EnablePll0
                0x0000153c       0x88 ./drivers/fsl_clock.o
                0x0000153c                CLOCK_EnablePll0
 .text.CLOCK_InitOsc0
                0x000015c4       0x8c ./drivers/fsl_clock.o
                0x000015c4                CLOCK_InitOsc0
 .text.CLOCK_SetPbeMode
                0x00001650       0xe8 ./drivers/fsl_clock.o
                0x00001650                CLOCK_SetPbeMode
 .text.CLOCK_BootToPeeMode
                0x00001738       0x68 ./drivers/fsl_clock.o
                0x00001738                CLOCK_BootToPeeMode
 .text.GPIO_GetInstance
                0x000017a0       0x4c ./drivers/fsl_gpio.o
 .text.GPIO_PinInit
                0x000017ec       0x64 ./drivers/fsl_gpio.o
                0x000017ec                GPIO_PinInit
 .text.GPIO_PortClearInterruptFlags
                0x00001850       0x34 ./drivers/fsl_gpio.o
                0x00001850                GPIO_PortClearInterruptFlags
 .text.I2C_TransferCommonIRQHandler
                0x00001884       0x58 ./drivers/fsl_i2c.o
 .text.I2C0_DriverIRQHandler
                0x000018dc       0x1c ./drivers/fsl_i2c.o
                0x000018dc                I2C0_DriverIRQHandler
 .text.I2C1_DriverIRQHandler
                0x000018f8       0x1c ./drivers/fsl_i2c.o
                0x000018f8                I2C1_DriverIRQHandler
 .text.I2C2_DriverIRQHandler
                0x00001914       0x1c ./drivers/fsl_i2c.o
                0x00001914                I2C2_DriverIRQHandler
 .text.I2C3_DriverIRQHandler
                0x00001930       0x1c ./drivers/fsl_i2c.o
                0x00001930                I2C3_DriverIRQHandler
 .text.PIT_GetInstance
                0x0000194c       0x44 ./drivers/fsl_pit.o
 .text.PIT_Init
                0x00001990       0x94 ./drivers/fsl_pit.o
                0x00001990                PIT_Init
 .text.UART_GetInstance
                0x00001a24       0x54 ./drivers/fsl_uart.o
                0x00001a24                UART_GetInstance
 .text.UART_Init
                0x00001a78      0x2f4 ./drivers/fsl_uart.o
                0x00001a78                UART_Init
 .text.UART_GetDefaultConfig
                0x00001d6c       0x68 ./drivers/fsl_uart.o
                0x00001d6c                UART_GetDefaultConfig
 .text.UART_ReadBlocking
                0x00001dd4       0xfc ./drivers/fsl_uart.o
                0x00001dd4                UART_ReadBlocking
 .text.UART0_DriverIRQHandler
                0x00001ed0       0x28 ./drivers/fsl_uart.o
                0x00001ed0                UART0_DriverIRQHandler
 .text.UART1_DriverIRQHandler
                0x00001ef8       0x28 ./drivers/fsl_uart.o
                0x00001ef8                UART1_DriverIRQHandler
 .text.UART2_DriverIRQHandler
                0x00001f20       0x28 ./drivers/fsl_uart.o
                0x00001f20                UART2_DriverIRQHandler
 .text.UART3_DriverIRQHandler
                0x00001f48       0x28 ./drivers/fsl_uart.o
                0x00001f48                UART3_DriverIRQHandler
 .text.UART4_DriverIRQHandler
                0x00001f70       0x28 ./drivers/fsl_uart.o
                0x00001f70                UART4_DriverIRQHandler
 .text.SystemInit
                0x00001f98       0x3c ./device/system_MK66F18.o
                0x00001f98                SystemInit
 .text.HAL_UartInit
                0x00001fd4      0x128 ./component/uart/fsl_adapter_uart.o
                0x00001fd4                HAL_UartInit
 .text.HAL_UartReceiveBlocking
                0x000020fc       0x6c ./component/uart/fsl_adapter_uart.o
                0x000020fc                HAL_UartReceiveBlocking
 .text.HAL_UartSendBlocking
                0x00002168       0x64 ./component/uart/fsl_adapter_uart.o
                0x00002168                HAL_UartSendBlocking
 .text.CLOCK_SetSdhc0Clock
                0x000021cc       0x38 ./board/clock_config.o
 .text.CLOCK_SetEnetTime0Clock
                0x00002204       0x38 ./board/clock_config.o
 .text.CLOCK_SetRmii0Clock
                0x0000223c       0x38 ./board/clock_config.o
 .text.CLOCK_SetLpuartClock
                0x00002274       0x38 ./board/clock_config.o
 .text.CLOCK_SetTpmClock
                0x000022ac       0x38 ./board/clock_config.o
 .text.CLOCK_SetTraceClock
                0x000022e4       0x54 ./board/clock_config.o
 .text.CLOCK_SetClkOutClock
                0x00002338       0x34 ./board/clock_config.o
 .text.CLOCK_SetRtcClkOutClock
                0x0000236c       0x38 ./board/clock_config.o
 .text.CLOCK_SetSimSafeDivs
                0x000023a4       0x24 ./board/clock_config.o
 .text.CLOCK_SetXtal0Freq
                0x000023c8       0x20 ./board/clock_config.o
 .text.CLOCK_SetXtal32Freq
                0x000023e8       0x20 ./board/clock_config.o
 .text.CLOCK_CONFIG_SetRtcClock
                0x00002408       0x84 ./board/clock_config.o
 .text.CLOCK_CONFIG_EnableUsbhs0PhyPllClock
                0x0000248c       0xf4 ./board/clock_config.o
 .text.CLOCK_CONFIG_EnableUsbhs0PfdClock
                0x00002580       0xb4 ./board/clock_config.o
 .text.CLOCK_CONFIG_SetUsbSlowClock
                0x00002634       0x38 ./board/clock_config.o
 .text.CLOCK_CONFIG_SetFllExtRefDiv
                0x0000266c       0x3c ./board/clock_config.o
 .text.BOARD_BootClockHSRUN
                0x000026a8       0xe0 ./board/clock_config.o
                0x000026a8                BOARD_BootClockHSRUN
 .text.__NVIC_EnableIRQ
                0x00002788       0x3c ./board/peripherals.o
 .text.PIT_SetTimerPeriod
                0x000027c4       0x38 ./board/peripherals.o
 .text.PIT_init
                0x000027fc       0xe0 ./board/peripherals.o
 .text.PORT_SetPinConfig
                0x000028dc       0x38 ./board/pin_mux.o
 .text.BOARD_InitPins
                0x00002914       0x30 ./board/pin_mux.o
                0x00002914                BOARD_InitPins
 .text.BOARD_InitBUTTONsPins
                0x00002944       0xac ./board/pin_mux.o
                0x00002944                BOARD_InitBUTTONsPins
 .text.BOARD_InitLEDsPins
                0x000029f0       0xd4 ./board/pin_mux.o
                0x000029f0                BOARD_InitLEDsPins
 .text.BOARD_InitDEBUG_UARTPins
                0x00002ac4       0x68 ./board/pin_mux.o
                0x00002ac4                BOARD_InitDEBUG_UARTPins
 .text.__assertion_failed
                0x00002b2c       0x4c C:/nxp/MCUXpressoIDE_25.6.136/ide/plugins/com.nxp.mcuxpresso.tools.win32_25.6.0.202501151204/tools/bin/../lib/gcc/arm-none-eabi/14.2.1/../../../../arm-none-eabi/lib/thumb/v7e-m+fp/hard\libcr_nohost_nf.a(_cr_assert.o)
                0x00002b2c                __assertion_failed
 .text._Cwritebuf
                0x00002b78       0x70 C:/nxp/MCUXpressoIDE_25.6.136/ide/plugins/com.nxp.mcuxpresso.tools.win32_25.6.0.202501151204/tools/bin/../lib/gcc/arm-none-eabi/14.2.1/../../../../arm-none-eabi/lib/thumb/v7e-m+fp/hard\libcr_c.a(_writebuf.o)
                0x00002b78                _Cwritebuf
 .text.malloc   0x00002be8       0xc8 C:/nxp/MCUXpressoIDE_25.6.136/ide/plugins/com.nxp.mcuxpresso.tools.win32_25.6.0.202501151204/tools/bin/../lib/gcc/arm-none-eabi/14.2.1/../../../../arm-none-eabi/lib/thumb/v7e-m+fp/hard\libcr_c.a(alloc.o)
                0x00002be8                malloc
 .text._Csys_alloc
                0x00002cb0       0x20 C:/nxp/MCUXpressoIDE_25.6.136/ide/plugins/com.nxp.mcuxpresso.tools.win32_25.6.0.202501151204/tools/bin/../lib/gcc/arm-none-eabi/14.2.1/../../../../arm-none-eabi/lib/thumb/v7e-m+fp/hard\libcr_c.a(alloc.o)
                0x00002cb0                _Csys_alloc
 .text.fseek    0x00002cd0       0xf8 C:/nxp/MCUXpressoIDE_25.6.136/ide/plugins/com.nxp.mcuxpresso.tools.win32_25.6.0.202501151204/tools/bin/../lib/gcc/arm-none-eabi/14.2.1/../../../../arm-none-eabi/lib/thumb/v7e-m+fp/hard\libcr_c.a(fseek.o)
                0x00002cd0                fseek
 .text.ftell    0x00002dc8       0x44 C:/nxp/MCUXpressoIDE_25.6.136/ide/plugins/com.nxp.mcuxpresso.tools.win32_25.6.0.202501151204/tools/bin/../lib/gcc/arm-none-eabi/14.2.1/../../../../arm-none-eabi/lib/thumb/v7e-m+fp/hard\libcr_c.a(ftell.o)
                0x00002dc8                ftell
 .text._initio  0x00002e0c       0x78 C:/nxp/MCUXpressoIDE_25.6.136/ide/plugins/com.nxp.mcuxpresso.tools.win32_25.6.0.202501151204/tools/bin/../lib/gcc/arm-none-eabi/14.2.1/../../../../arm-none-eabi/lib/thumb/v7e-m+fp/hard\libcr_c.a(initio.o)
                0x00002e0c                _initio
 .text._sbrk    0x00002e84       0x3c C:/nxp/MCUXpressoIDE_25.6.136/ide/plugins/com.nxp.mcuxpresso.tools.win32_25.6.0.202501151204/tools/bin/../lib/gcc/arm-none-eabi/14.2.1/../../../../arm-none-eabi/lib/thumb/v7e-m+fp/hard\libcr_c.a(_cr_sbrk.o)
                0x00002e84                _sbrk
 .text.fflush   0x00002ec0       0x3c C:/nxp/MCUXpressoIDE_25.6.136/ide/plugins/com.nxp.mcuxpresso.tools.win32_25.6.0.202501151204/tools/bin/../lib/gcc/arm-none-eabi/14.2.1/../../../../arm-none-eabi/lib/thumb/v7e-m+fp/hard\libcr_c.a(fflush.o)
                0x00002ec0                fflush
 .text.__check_heap_overflow
                0x00002efc       0x18 C:/nxp/MCUXpressoIDE_25.6.136/ide/plugins/com.nxp.mcuxpresso.tools.win32_25.6.0.202501151204/tools/bin/../lib/gcc/arm-none-eabi/14.2.1/../../../../arm-none-eabi/lib/thumb/v7e-m+fp/hard\libcr_c.a(_cr_check_heap.o)
                0x00002efc                __check_heap_overflow
 .text.DbgConsole_PrintCallback
                0x00002f14       0x66 ./utilities/fsl_debug_console.o
 .text.DbgConsole_Printf
                0x00002f7a       0x2c ./utilities/fsl_debug_console.o
                0x00002f7a                DbgConsole_Printf
 .text.DbgConsole_Putchar
                0x00002fa6       0x1c ./utilities/fsl_debug_console.o
                0x00002fa6                DbgConsole_Putchar
 .text.DbgConsole_Getchar
                0x00002fc2       0x2c ./utilities/fsl_debug_console.o
                0x00002fc2                DbgConsole_Getchar
 .text.PrintGetWidth
                0x00002fee       0x6a ./utilities/fsl_str.o
 .text.PrintGetPrecision
                0x00003058       0x8c ./utilities/fsl_str.o
 .text.PrintIsobpu
                0x000030e4       0x38 ./utilities/fsl_str.o
 .text.PrintIsdi
                0x0000311c       0x2c ./utilities/fsl_str.o
 .text.PrintOutputdifFobpu
                0x00003148       0x44 ./utilities/fsl_str.o
 .text.PrintOutputxX
                0x0000318c       0x44 ./utilities/fsl_str.o
 .text.PrintIsfF
                0x000031d0       0x2c ./utilities/fsl_str.o
 .text.PrintIsxX
                0x000031fc       0x2c ./utilities/fsl_str.o
 .text.PrintFilterLengthFlag
                0x00003228       0x3e ./utilities/fsl_str.o
 .text.PrintGetRadixFromobpu
                0x00003266       0x40 ./utilities/fsl_str.o
 .text.ConvertRadixNumToString
                0x000032a6       0xc2 ./utilities/fsl_str.o
 .text.StrFormatPrintf
                0x00003368      0x2ac ./utilities/fsl_str.o
                0x00003368                StrFormatPrintf
 .text.DMA0_DMA16_IRQHandler
                0x00003614        0x8 ./startup/startup_mk66f18.o
                0x00003614                DMA0_DMA16_IRQHandler
 .text.DMA1_DMA17_IRQHandler
                0x0000361c        0x8 ./startup/startup_mk66f18.o
                0x0000361c                DMA1_DMA17_IRQHandler
 .text.DMA2_DMA18_IRQHandler
                0x00003624        0x8 ./startup/startup_mk66f18.o
                0x00003624                DMA2_DMA18_IRQHandler
 .text.DMA3_DMA19_IRQHandler
                0x0000362c        0x8 ./startup/startup_mk66f18.o
                0x0000362c                DMA3_DMA19_IRQHandler
 .text.DMA4_DMA20_IRQHandler
                0x00003634        0x8 ./startup/startup_mk66f18.o
                0x00003634                DMA4_DMA20_IRQHandler
 .text.DMA5_DMA21_IRQHandler
                0x0000363c        0x8 ./startup/startup_mk66f18.o
                0x0000363c                DMA5_DMA21_IRQHandler
 .text.DMA6_DMA22_IRQHandler
                0x00003644        0x8 ./startup/startup_mk66f18.o
                0x00003644                DMA6_DMA22_IRQHandler
 .text.DMA7_DMA23_IRQHandler
                0x0000364c        0x8 ./startup/startup_mk66f18.o
                0x0000364c                DMA7_DMA23_IRQHandler
 .text.DMA8_DMA24_IRQHandler
                0x00003654        0x8 ./startup/startup_mk66f18.o
                0x00003654                DMA8_DMA24_IRQHandler
 .text.DMA9_DMA25_IRQHandler
                0x0000365c        0x8 ./startup/startup_mk66f18.o
                0x0000365c                DMA9_DMA25_IRQHandler
 .text.DMA10_DMA26_IRQHandler
                0x00003664        0x8 ./startup/startup_mk66f18.o
                0x00003664                DMA10_DMA26_IRQHandler
 .text.DMA11_DMA27_IRQHandler
                0x0000366c        0x8 ./startup/startup_mk66f18.o
                0x0000366c                DMA11_DMA27_IRQHandler
 .text.DMA12_DMA28_IRQHandler
                0x00003674        0x8 ./startup/startup_mk66f18.o
                0x00003674                DMA12_DMA28_IRQHandler
 .text.DMA13_DMA29_IRQHandler
                0x0000367c        0x8 ./startup/startup_mk66f18.o
                0x0000367c                DMA13_DMA29_IRQHandler
 .text.DMA14_DMA30_IRQHandler
                0x00003684        0x8 ./startup/startup_mk66f18.o
                0x00003684                DMA14_DMA30_IRQHandler
 .text.DMA15_DMA31_IRQHandler
                0x0000368c        0x8 ./startup/startup_mk66f18.o
                0x0000368c                DMA15_DMA31_IRQHandler
 .text.DMA_Error_IRQHandler
                0x00003694        0x8 ./startup/startup_mk66f18.o
                0x00003694                DMA_Error_IRQHandler
 .text.MCM_IRQHandler
                0x0000369c        0x8 ./startup/startup_mk66f18.o
                0x0000369c                MCM_IRQHandler
 .text.FTFE_IRQHandler
                0x000036a4        0x8 ./startup/startup_mk66f18.o
                0x000036a4                FTFE_IRQHandler
 .text.Read_Collision_IRQHandler
                0x000036ac        0x8 ./startup/startup_mk66f18.o
                0x000036ac                Read_Collision_IRQHandler
 .text.LVD_LVW_IRQHandler
                0x000036b4        0x8 ./startup/startup_mk66f18.o
                0x000036b4                LVD_LVW_IRQHandler
 .text.LLWU_IRQHandler
                0x000036bc        0x8 ./startup/startup_mk66f18.o
                0x000036bc                LLWU_IRQHandler
 .text.WDOG_EWM_IRQHandler
                0x000036c4        0x8 ./startup/startup_mk66f18.o
                0x000036c4                WDOG_EWM_IRQHandler
 .text.RNG_IRQHandler
                0x000036cc        0x8 ./startup/startup_mk66f18.o
                0x000036cc                RNG_IRQHandler
 .text.I2C0_IRQHandler
                0x000036d4        0x8 ./startup/startup_mk66f18.o
                0x000036d4                I2C0_IRQHandler
 .text.I2C1_IRQHandler
                0x000036dc        0x8 ./startup/startup_mk66f18.o
                0x000036dc                I2C1_IRQHandler
 .text.SPI0_IRQHandler
                0x000036e4        0x8 ./startup/startup_mk66f18.o
                0x000036e4                SPI0_IRQHandler
 .text.SPI1_IRQHandler
                0x000036ec        0x8 ./startup/startup_mk66f18.o
                0x000036ec                SPI1_IRQHandler
 .text.I2S0_Tx_IRQHandler
                0x000036f4        0x8 ./startup/startup_mk66f18.o
                0x000036f4                I2S0_Tx_IRQHandler
 .text.I2S0_Rx_IRQHandler
                0x000036fc        0x8 ./startup/startup_mk66f18.o
                0x000036fc                I2S0_Rx_IRQHandler
 .text.Reserved46_IRQHandler
                0x00003704        0x8 ./startup/startup_mk66f18.o
                0x00003704                Reserved46_IRQHandler
 .text.UART0_RX_TX_IRQHandler
                0x0000370c        0x8 ./startup/startup_mk66f18.o
                0x0000370c                UART0_RX_TX_IRQHandler
 .text.UART0_ERR_IRQHandler
                0x00003714        0x8 ./startup/startup_mk66f18.o
                0x00003714                UART0_ERR_IRQHandler
 .text.UART1_RX_TX_IRQHandler
                0x0000371c        0x8 ./startup/startup_mk66f18.o
                0x0000371c                UART1_RX_TX_IRQHandler
 .text.UART1_ERR_IRQHandler
                0x00003724        0x8 ./startup/startup_mk66f18.o
                0x00003724                UART1_ERR_IRQHandler
 .text.UART2_RX_TX_IRQHandler
                0x0000372c        0x8 ./startup/startup_mk66f18.o
                0x0000372c                UART2_RX_TX_IRQHandler
 .text.UART2_ERR_IRQHandler
                0x00003734        0x8 ./startup/startup_mk66f18.o
                0x00003734                UART2_ERR_IRQHandler
 .text.UART3_RX_TX_IRQHandler
                0x0000373c        0x8 ./startup/startup_mk66f18.o
                0x0000373c                UART3_RX_TX_IRQHandler
 .text.UART3_ERR_IRQHandler
                0x00003744        0x8 ./startup/startup_mk66f18.o
                0x00003744                UART3_ERR_IRQHandler
 .text.ADC0_IRQHandler
                0x0000374c        0x8 ./startup/startup_mk66f18.o
                0x0000374c                ADC0_IRQHandler
 .text.CMP0_IRQHandler
                0x00003754        0x8 ./startup/startup_mk66f18.o
                0x00003754                CMP0_IRQHandler
 .text.CMP1_IRQHandler
                0x0000375c        0x8 ./startup/startup_mk66f18.o
                0x0000375c                CMP1_IRQHandler
 .text.FTM0_IRQHandler
                0x00003764        0x8 ./startup/startup_mk66f18.o
                0x00003764                FTM0_IRQHandler
 .text.FTM1_IRQHandler
                0x0000376c        0x8 ./startup/startup_mk66f18.o
                0x0000376c                FTM1_IRQHandler
 .text.FTM2_IRQHandler
                0x00003774        0x8 ./startup/startup_mk66f18.o
                0x00003774                FTM2_IRQHandler
 .text.CMT_IRQHandler
                0x0000377c        0x8 ./startup/startup_mk66f18.o
                0x0000377c                CMT_IRQHandler
 .text.RTC_IRQHandler
                0x00003784        0x8 ./startup/startup_mk66f18.o
                0x00003784                RTC_IRQHandler
 .text.RTC_Seconds_IRQHandler
                0x0000378c        0x8 ./startup/startup_mk66f18.o
                0x0000378c                RTC_Seconds_IRQHandler
 .text.PIT1_IRQHandler
                0x00003794        0x8 ./startup/startup_mk66f18.o
                0x00003794                PIT1_IRQHandler
 .text.PIT2_IRQHandler
                0x0000379c        0x8 ./startup/startup_mk66f18.o
                0x0000379c                PIT2_IRQHandler
 .text.PIT3_IRQHandler
                0x000037a4        0x8 ./startup/startup_mk66f18.o
                0x000037a4                PIT3_IRQHandler
 .text.PDB0_IRQHandler
                0x000037ac        0x8 ./startup/startup_mk66f18.o
                0x000037ac                PDB0_IRQHandler
 .text.USB0_IRQHandler
                0x000037b4        0x8 ./startup/startup_mk66f18.o
                0x000037b4                USB0_IRQHandler
 .text.USBDCD_IRQHandler
                0x000037bc        0x8 ./startup/startup_mk66f18.o
                0x000037bc                USBDCD_IRQHandler
 .text.Reserved71_IRQHandler
                0x000037c4        0x8 ./startup/startup_mk66f18.o
                0x000037c4                Reserved71_IRQHandler
 .text.DAC0_IRQHandler
                0x000037cc        0x8 ./startup/startup_mk66f18.o
                0x000037cc                DAC0_IRQHandler
 .text.MCG_IRQHandler
                0x000037d4        0x8 ./startup/startup_mk66f18.o
                0x000037d4                MCG_IRQHandler
 .text.LPTMR0_IRQHandler
                0x000037dc        0x8 ./startup/startup_mk66f18.o
                0x000037dc                LPTMR0_IRQHandler
 .text.PORTB_IRQHandler
                0x000037e4        0x8 ./startup/startup_mk66f18.o
                0x000037e4                PORTB_IRQHandler
 .text.PORTC_IRQHandler
                0x000037ec        0x8 ./startup/startup_mk66f18.o
                0x000037ec                PORTC_IRQHandler
 .text.PORTE_IRQHandler
                0x000037f4        0x8 ./startup/startup_mk66f18.o
                0x000037f4                PORTE_IRQHandler
 .text.SWI_IRQHandler
                0x000037fc        0x8 ./startup/startup_mk66f18.o
                0x000037fc                SWI_IRQHandler
 .text.SPI2_IRQHandler
                0x00003804        0x8 ./startup/startup_mk66f18.o
                0x00003804                SPI2_IRQHandler
 .text.UART4_RX_TX_IRQHandler
                0x0000380c        0x8 ./startup/startup_mk66f18.o
                0x0000380c                UART4_RX_TX_IRQHandler
 .text.UART4_ERR_IRQHandler
                0x00003814        0x8 ./startup/startup_mk66f18.o
                0x00003814                UART4_ERR_IRQHandler
 .text.Reserved84_IRQHandler
                0x0000381c        0x8 ./startup/startup_mk66f18.o
                0x0000381c                Reserved84_IRQHandler
 .text.Reserved85_IRQHandler
                0x00003824        0x8 ./startup/startup_mk66f18.o
                0x00003824                Reserved85_IRQHandler
 .text.CMP2_IRQHandler
                0x0000382c        0x8 ./startup/startup_mk66f18.o
                0x0000382c                CMP2_IRQHandler
 .text.FTM3_IRQHandler
                0x00003834        0x8 ./startup/startup_mk66f18.o
                0x00003834                FTM3_IRQHandler
 .text.DAC1_IRQHandler
                0x0000383c        0x8 ./startup/startup_mk66f18.o
                0x0000383c                DAC1_IRQHandler
 .text.ADC1_IRQHandler
                0x00003844        0x8 ./startup/startup_mk66f18.o
                0x00003844                ADC1_IRQHandler
 .text.I2C2_IRQHandler
                0x0000384c        0x8 ./startup/startup_mk66f18.o
                0x0000384c                I2C2_IRQHandler
 .text.CAN0_ORed_Message_buffer_IRQHandler
                0x00003854        0x8 ./startup/startup_mk66f18.o
                0x00003854                CAN0_ORed_Message_buffer_IRQHandler
 .text.CAN0_Bus_Off_IRQHandler
                0x0000385c        0x8 ./startup/startup_mk66f18.o
                0x0000385c                CAN0_Bus_Off_IRQHandler
 .text.CAN0_Error_IRQHandler
                0x00003864        0x8 ./startup/startup_mk66f18.o
                0x00003864                CAN0_Error_IRQHandler
 .text.CAN0_Tx_Warning_IRQHandler
                0x0000386c        0x8 ./startup/startup_mk66f18.o
                0x0000386c                CAN0_Tx_Warning_IRQHandler
 .text.CAN0_Rx_Warning_IRQHandler
                0x00003874        0x8 ./startup/startup_mk66f18.o
                0x00003874                CAN0_Rx_Warning_IRQHandler
 .text.CAN0_Wake_Up_IRQHandler
                0x0000387c        0x8 ./startup/startup_mk66f18.o
                0x0000387c                CAN0_Wake_Up_IRQHandler
 .text.SDHC_IRQHandler
                0x00003884        0x8 ./startup/startup_mk66f18.o
                0x00003884                SDHC_IRQHandler
 .text.ENET_1588_Timer_IRQHandler
                0x0000388c        0x8 ./startup/startup_mk66f18.o
                0x0000388c                ENET_1588_Timer_IRQHandler
 .text.ENET_Transmit_IRQHandler
                0x00003894        0x8 ./startup/startup_mk66f18.o
                0x00003894                ENET_Transmit_IRQHandler
 .text.ENET_Receive_IRQHandler
                0x0000389c        0x8 ./startup/startup_mk66f18.o
                0x0000389c                ENET_Receive_IRQHandler
 .text.ENET_Error_IRQHandler
                0x000038a4        0x8 ./startup/startup_mk66f18.o
                0x000038a4                ENET_Error_IRQHandler
 .text.LPUART0_IRQHandler
                0x000038ac        0x8 ./startup/startup_mk66f18.o
                0x000038ac                LPUART0_IRQHandler
 .text.TSI0_IRQHandler
                0x000038b4        0x8 ./startup/startup_mk66f18.o
                0x000038b4                TSI0_IRQHandler
 .text.TPM1_IRQHandler
                0x000038bc        0x8 ./startup/startup_mk66f18.o
                0x000038bc                TPM1_IRQHandler
 .text.TPM2_IRQHandler
                0x000038c4        0x8 ./startup/startup_mk66f18.o
                0x000038c4                TPM2_IRQHandler
 .text.USBHSDCD_IRQHandler
                0x000038cc        0x8 ./startup/startup_mk66f18.o
                0x000038cc                USBHSDCD_IRQHandler
 .text.I2C3_IRQHandler
                0x000038d4        0x8 ./startup/startup_mk66f18.o
                0x000038d4                I2C3_IRQHandler
 .text.CMP3_IRQHandler
                0x000038dc        0x8 ./startup/startup_mk66f18.o
                0x000038dc                CMP3_IRQHandler
 .text.USBHS_IRQHandler
                0x000038e4        0x8 ./startup/startup_mk66f18.o
                0x000038e4                USBHS_IRQHandler
 .text.CAN1_ORed_Message_buffer_IRQHandler
                0x000038ec        0x8 ./startup/startup_mk66f18.o
                0x000038ec                CAN1_ORed_Message_buffer_IRQHandler
 .text.CAN1_Bus_Off_IRQHandler
                0x000038f4        0x8 ./startup/startup_mk66f18.o
                0x000038f4                CAN1_Bus_Off_IRQHandler
 .text.CAN1_Error_IRQHandler
                0x000038fc        0x8 ./startup/startup_mk66f18.o
                0x000038fc                CAN1_Error_IRQHandler
 .text.CAN1_Tx_Warning_IRQHandler
                0x00003904        0x8 ./startup/startup_mk66f18.o
                0x00003904                CAN1_Tx_Warning_IRQHandler
 .text.CAN1_Rx_Warning_IRQHandler
                0x0000390c        0x8 ./startup/startup_mk66f18.o
                0x0000390c                CAN1_Rx_Warning_IRQHandler
 .text.CAN1_Wake_Up_IRQHandler
                0x00003914        0x8 ./startup/startup_mk66f18.o
                0x00003914                CAN1_Wake_Up_IRQHandler
 .text.PIT_ClearStatusFlags
                0x0000391c       0x2a ./source/Project.o
 .text.set_led_color
                0x00003946       0x50 ./source/Project.o
                0x00003946                set_led_color
 .text.HardFault_Handler
                0x00003996       0x36 ./source/semihost_hardfault.o
                0x00003996                HardFault_Handler
 .text.CLOCK_EnableClock
                0x000039cc       0x34 ./drivers/fsl_clock.o
 .text.CLOCK_DisableClock
                0x00003a00       0x38 ./drivers/fsl_clock.o
 .text.OSC_SetExtRefClkConfig
                0x00003a38       0x40 ./drivers/fsl_clock.o
 .text.OSC_SetCapLoad
                0x00003a78       0x34 ./drivers/fsl_clock.o
 .text.CLOCK_GetPll0RefFreq
                0x00003aac        0xe ./drivers/fsl_clock.o
 .text.CLOCK_GetFixedFreqClkFreq
                0x00003aba       0x34 ./drivers/fsl_clock.o
                0x00003aba                CLOCK_GetFixedFreqClkFreq
 .text.GPIO_PinWrite
                0x00003aee       0x36 ./drivers/fsl_gpio.o
 .text.CLOCK_EnableClock
                0x00003b24       0x34 ./drivers/fsl_pit.o
 .text.SMC_SetPowerModeHsrun
                0x00003b58       0x32 ./drivers/fsl_smc.o
                0x00003b58                SMC_SetPowerModeHsrun
 .text.CLOCK_EnableClock
                0x00003b8a       0x34 ./drivers/fsl_uart.o
 .text.UART_GetStatusFlags
                0x00003bbe       0x48 ./drivers/fsl_uart.o
                0x00003bbe                UART_GetStatusFlags
 .text.UART_ClearStatusFlags
                0x00003c06       0x80 ./drivers/fsl_uart.o
                0x00003c06                UART_ClearStatusFlags
 .text.UART_WriteBlocking
                0x00003c86       0x50 ./drivers/fsl_uart.o
                0x00003c86                UART_WriteBlocking
 .text.UART0_RX_TX_DriverIRQHandler
                0x00003cd6       0x12 ./drivers/fsl_uart.o
                0x00003cd6                UART0_RX_TX_DriverIRQHandler
 .text.UART1_RX_TX_DriverIRQHandler
                0x00003ce8       0x12 ./drivers/fsl_uart.o
                0x00003ce8                UART1_RX_TX_DriverIRQHandler
 .text.UART2_RX_TX_DriverIRQHandler
                0x00003cfa       0x12 ./drivers/fsl_uart.o
                0x00003cfa                UART2_RX_TX_DriverIRQHandler
 .text.UART3_RX_TX_DriverIRQHandler
                0x00003d0c       0x12 ./drivers/fsl_uart.o
                0x00003d0c                UART3_RX_TX_DriverIRQHandler
 .text.UART4_RX_TX_DriverIRQHandler
                0x00003d1e       0x12 ./drivers/fsl_uart.o
                0x00003d1e                UART4_RX_TX_DriverIRQHandler
 .text.SystemInitHook
                0x00003d30        0xe ./device/system_MK66F18.o
                0x00003d30                SystemInitHook
 .text.HAL_UartGetStatus
                0x00003d3e       0x22 ./component/uart/fsl_adapter_uart.o
 .text.DisableGlobalIRQ
                0x00003d60       0x22 ./component/serial_manager/fsl_component_serial_manager.o
 .text.EnableGlobalIRQ
                0x00003d82       0x20 ./component/serial_manager/fsl_component_serial_manager.o
 .text.SerialManager_StartWriting
                0x00003da2       0x38 ./component/serial_manager/fsl_component_serial_manager.o
 .text.SerialManager_StartReading
                0x00003dda       0x38 ./component/serial_manager/fsl_component_serial_manager.o
 .text.SerialManager_Write
                0x00003e12       0x44 ./component/serial_manager/fsl_component_serial_manager.o
 .text.SerialManager_Read
                0x00003e56       0x44 ./component/serial_manager/fsl_component_serial_manager.o
 .text.SerialManager_Init
                0x00003e9a       0x60 ./component/serial_manager/fsl_component_serial_manager.o
                0x00003e9a                SerialManager_Init
 .text.SerialManager_OpenWriteHandle
                0x00003efa       0x50 ./component/serial_manager/fsl_component_serial_manager.o
                0x00003efa                SerialManager_OpenWriteHandle
 .text.SerialManager_OpenReadHandle
                0x00003f4a       0x60 ./component/serial_manager/fsl_component_serial_manager.o
                0x00003f4a                SerialManager_OpenReadHandle
 .text.SerialManager_WriteBlocking
                0x00003faa       0x20 ./component/serial_manager/fsl_component_serial_manager.o
                0x00003faa                SerialManager_WriteBlocking
 .text.SerialManager_ReadBlocking
                0x00003fca       0x20 ./component/serial_manager/fsl_component_serial_manager.o
                0x00003fca                SerialManager_ReadBlocking
 .text.Serial_UartInit
                0x00003fea       0x3e ./component/serial_manager/fsl_component_serial_port_uart.o
                0x00003fea                Serial_UartInit
 .text.Serial_UartWrite
                0x00004028       0x38 ./component/serial_manager/fsl_component_serial_port_uart.o
                0x00004028                Serial_UartWrite
 .text.Serial_UartRead
                0x00004060       0x38 ./component/serial_manager/fsl_component_serial_port_uart.o
                0x00004060                Serial_UartRead
 .text.BOARD_InitDebugConsole
                0x00004098       0x22 ./board/board.o
                0x00004098                BOARD_InitDebugConsole
 .text.CLOCK_EnableClock
                0x000040ba       0x34 ./board/clock_config.o
 .text.CLOCK_DisableClock
                0x000040ee       0x38 ./board/clock_config.o
 .text.SMC_SetPowerModeProtection
                0x00004126       0x1e ./board/clock_config.o
 .text.SMC_GetPowerModeState
                0x00004144       0x1a ./board/clock_config.o
 .text.RTC_SetOscCapLoad
                0x0000415e       0x32 ./board/clock_config.o
 .text.BOARD_InitBootClocks
                0x00004190        0xc ./board/clock_config.o
                0x00004190                BOARD_InitBootClocks
 .text.EnableIRQ
                0x0000419c       0x32 ./board/peripherals.o
 .text.PIT_EnableInterrupts
                0x000041ce       0x3a ./board/peripherals.o
 .text.PIT_StartTimer
                0x00004208       0x38 ./board/peripherals.o
 .text.GPIOA_init
                0x00004240        0xe ./board/peripherals.o
 .text.GPIOD_init
                0x0000424e        0xe ./board/peripherals.o
 .text.BOARD_InitPeripherals
                0x0000425c       0x14 ./board/peripherals.o
                0x0000425c                BOARD_InitPeripherals
 .text.BOARD_InitBootPeripherals
                0x00004270        0xc ./board/peripherals.o
                0x00004270                BOARD_InitBootPeripherals
 .text.CLOCK_EnableClock
                0x0000427c       0x34 ./board/pin_mux.o
 .text.PORT_SetPinMux
                0x000042b0       0x3a ./board/pin_mux.o
 .text.PORT_SetPinInterruptConfig
                0x000042ea       0x3a ./board/pin_mux.o
 .text.BOARD_InitBootPins
                0x00004324       0x18 ./board/pin_mux.o
                0x00004324                BOARD_InitBootPins
 .text.__main   0x0000433c        0xe C:/nxp/MCUXpressoIDE_25.6.136/ide/plugins/com.nxp.mcuxpresso.tools.win32_25.6.0.202501151204/tools/bin/../lib/gcc/arm-none-eabi/14.2.1/../../../../arm-none-eabi/lib/thumb/v7e-m+fp/hard\libcr_nohost_nf.a(_cr__main.o)
                0x0000433c                __main
 .text.__sys_appexit
                0x0000434a        0x2 C:/nxp/MCUXpressoIDE_25.6.136/ide/plugins/com.nxp.mcuxpresso.tools.win32_25.6.0.202501151204/tools/bin/../lib/gcc/arm-none-eabi/14.2.1/../../../../arm-none-eabi/lib/thumb/v7e-m+fp/hard\libcr_nohost_nf.a(__sys_appexit.o)
                0x0000434a                __sys_appexit
                0x0000434a                __exit
 .text.memcpy   0x0000434c        0x4 C:/nxp/MCUXpressoIDE_25.6.136/ide/plugins/com.nxp.mcuxpresso.tools.win32_25.6.0.202501151204/tools/bin/../lib/gcc/arm-none-eabi/14.2.1/../../../../arm-none-eabi/lib/thumb/v7e-m+fp/hard\libcr_c.a(memcpy.o)
                0x0000434c                memcpy
 .text.memset   0x00004350        0x4 C:/nxp/MCUXpressoIDE_25.6.136/ide/plugins/com.nxp.mcuxpresso.tools.win32_25.6.0.202501151204/tools/bin/../lib/gcc/arm-none-eabi/14.2.1/../../../../arm-none-eabi/lib/thumb/v7e-m+fp/hard\libcr_c.a(memset.o)
                0x00004350                memset
 .text._deferredlazyseek
                0x00004354       0x40 C:/nxp/MCUXpressoIDE_25.6.136/ide/plugins/com.nxp.mcuxpresso.tools.win32_25.6.0.202501151204/tools/bin/../lib/gcc/arm-none-eabi/14.2.1/../../../../arm-none-eabi/lib/thumb/v7e-m+fp/hard\libcr_c.a(_deferredlazyseek.o)
                0x00004354                _deferredlazyseek
 .text.__flsbuf
                0x00004394      0x12a C:/nxp/MCUXpressoIDE_25.6.136/ide/plugins/com.nxp.mcuxpresso.tools.win32_25.6.0.202501151204/tools/bin/../lib/gcc/arm-none-eabi/14.2.1/../../../../arm-none-eabi/lib/thumb/v7e-m+fp/hard\libcr_c.a(_deferredlazyseek.o)
                0x00004394                __flsbuf
 .text._fflush  0x000044be       0x52 C:/nxp/MCUXpressoIDE_25.6.136/ide/plugins/com.nxp.mcuxpresso.tools.win32_25.6.0.202501151204/tools/bin/../lib/gcc/arm-none-eabi/14.2.1/../../../../arm-none-eabi/lib/thumb/v7e-m+fp/hard\libcr_c.a(_fflush.o)
                0x000044be                _fflush
 .text.free     0x00004510       0x30 C:/nxp/MCUXpressoIDE_25.6.136/ide/plugins/com.nxp.mcuxpresso.tools.win32_25.6.0.202501151204/tools/bin/../lib/gcc/arm-none-eabi/14.2.1/../../../../arm-none-eabi/lib/thumb/v7e-m+fp/hard\libcr_c.a(alloc.o)
                0x00004510                free
 .text.fputs    0x00004540       0x2c C:/nxp/MCUXpressoIDE_25.6.136/ide/plugins/com.nxp.mcuxpresso.tools.win32_25.6.0.202501151204/tools/bin/../lib/gcc/arm-none-eabi/14.2.1/../../../../arm-none-eabi/lib/thumb/v7e-m+fp/hard\libcr_c.a(fputs.o)
                0x00004540                fputs
 .text.setvbuf  0x0000456c       0x3e C:/nxp/MCUXpressoIDE_25.6.136/ide/plugins/com.nxp.mcuxpresso.tools.win32_25.6.0.202501151204/tools/bin/../lib/gcc/arm-none-eabi/14.2.1/../../../../arm-none-eabi/lib/thumb/v7e-m+fp/hard\libcr_c.a(setvbuf.o)
                0x0000456c                setvbuf
 .text.strlen   0x000045aa       0x4e C:/nxp/MCUXpressoIDE_25.6.136/ide/plugins/com.nxp.mcuxpresso.tools.win32_25.6.0.202501151204/tools/bin/../lib/gcc/arm-none-eabi/14.2.1/../../../../arm-none-eabi/lib/thumb/v7e-m+fp/hard\libcr_c.a(strlen.o)
                0x000045aa                strlen
 .text._fdopen  0x000045f8       0x68 C:/nxp/MCUXpressoIDE_25.6.136/ide/plugins/com.nxp.mcuxpresso.tools.win32_25.6.0.202501151204/tools/bin/../lib/gcc/arm-none-eabi/14.2.1/../../../../arm-none-eabi/lib/thumb/v7e-m+fp/hard\libcr_c.a(_fdopen.o)
                0x000045f8                _fdopen
 .text.fclose   0x00004660       0x58 C:/nxp/MCUXpressoIDE_25.6.136/ide/plugins/com.nxp.mcuxpresso.tools.win32_25.6.0.202501151204/tools/bin/../lib/gcc/arm-none-eabi/14.2.1/../../../../arm-none-eabi/lib/thumb/v7e-m+fp/hard\libcr_c.a(fclose.o)
                0x00004660                fclose
 .text.remove   0x000046b8       0x14 C:/nxp/MCUXpressoIDE_25.6.136/ide/plugins/com.nxp.mcuxpresso.tools.win32_25.6.0.202501151204/tools/bin/../lib/gcc/arm-none-eabi/14.2.1/../../../../arm-none-eabi/lib/thumb/v7e-m+fp/hard\libcr_c.a(remove.o)
                0x000046b8                remove
 .text._do_fflush
                0x000046cc       0x40 C:/nxp/MCUXpressoIDE_25.6.136/ide/plugins/com.nxp.mcuxpresso.tools.win32_25.6.0.202501151204/tools/bin/../lib/gcc/arm-none-eabi/14.2.1/../../../../arm-none-eabi/lib/thumb/v7e-m+fp/hard\libcr_c.a(_do_fflush.o)
                0x000046cc                _do_fflush
 .text.__aeabi_division_uldivmod
                0x0000470c      0x174 C:/nxp/MCUXpressoIDE_25.6.136/ide/plugins/com.nxp.mcuxpresso.tools.win32_25.6.0.202501151204/tools/bin/../lib/gcc/arm-none-eabi/14.2.1/thumb/v7e-m+fp/hard\libcr_eabihelpers.a(division_64.o)
                0x0000470c                __aeabi_uldivmod
                0x00004710                __bhs_ldivmod1
 .text.__aeabi_division_idiv0
                0x00004880        0x2 C:/nxp/MCUXpressoIDE_25.6.136/ide/plugins/com.nxp.mcuxpresso.tools.win32_25.6.0.202501151204/tools/bin/../lib/gcc/arm-none-eabi/14.2.1/thumb/v7e-m+fp/hard\libcr_eabihelpers.a(division_idiv0.o)
                0x00004880                __aeabi_idiv0
 .text.__aeabi_memcpy
                0x00004882       0x34 C:/nxp/MCUXpressoIDE_25.6.136/ide/plugins/com.nxp.mcuxpresso.tools.win32_25.6.0.202501151204/tools/bin/../lib/gcc/arm-none-eabi/14.2.1/thumb/v7e-m+fp/hard\libcr_eabihelpers.a(memcpy.o)
                0x00004882                __aeabi_memcpy
                0x0000488c                __aeabi_memcpy8
                0x0000488c                __aeabi_memcpy4
 .text.__aeabi_memset_lowlevel
                0x000048b6       0x32 C:/nxp/MCUXpressoIDE_25.6.136/ide/plugins/com.nxp.mcuxpresso.tools.win32_25.6.0.202501151204/tools/bin/../lib/gcc/arm-none-eabi/14.2.1/thumb/v7e-m+fp/hard\libcr_eabihelpers.a(memcpy.o)
                0x000048b6                __aeabi_lowlevel_memset
 .text.__sys_close
                0x000048e8        0x6 C:/nxp/MCUXpressoIDE_25.6.136/ide/plugins/com.nxp.mcuxpresso.tools.win32_25.6.0.202501151204/tools/bin/../lib/gcc/arm-none-eabi/14.2.1/../../../../arm-none-eabi/lib/thumb/v7e-m+fp/hard\libcr_nohost_nf.a(__sys_close.o)
                0x000048e8                __sys_close
 .text.__sys_flen
                0x000048ee        0x6 C:/nxp/MCUXpressoIDE_25.6.136/ide/plugins/com.nxp.mcuxpresso.tools.win32_25.6.0.202501151204/tools/bin/../lib/gcc/arm-none-eabi/14.2.1/../../../../arm-none-eabi/lib/thumb/v7e-m+fp/hard\libcr_nohost_nf.a(__sys_flen.o)
                0x000048ee                __sys_flen
 .text.__sys_istty
                0x000048f4        0x6 C:/nxp/MCUXpressoIDE_25.6.136/ide/plugins/com.nxp.mcuxpresso.tools.win32_25.6.0.202501151204/tools/bin/../lib/gcc/arm-none-eabi/14.2.1/../../../../arm-none-eabi/lib/thumb/v7e-m+fp/hard\libcr_nohost_nf.a(__sys_istty.o)
                0x000048f4                __sys_istty
 .text.__sys_remove
                0x000048fa        0x6 C:/nxp/MCUXpressoIDE_25.6.136/ide/plugins/com.nxp.mcuxpresso.tools.win32_25.6.0.202501151204/tools/bin/../lib/gcc/arm-none-eabi/14.2.1/../../../../arm-none-eabi/lib/thumb/v7e-m+fp/hard\libcr_nohost_nf.a(__sys_remove.o)
                0x000048fa                __sys_remove
 .text.__sys_seek
                0x00004900        0x6 C:/nxp/MCUXpressoIDE_25.6.136/ide/plugins/com.nxp.mcuxpresso.tools.win32_25.6.0.202501151204/tools/bin/../lib/gcc/arm-none-eabi/14.2.1/../../../../arm-none-eabi/lib/thumb/v7e-m+fp/hard\libcr_nohost_nf.a(__sys_seek.o)
                0x00004900                __sys_seek
 .text.__sys_tmpnam
                0x00004906        0x6 C:/nxp/MCUXpressoIDE_25.6.136/ide/plugins/com.nxp.mcuxpresso.tools.win32_25.6.0.202501151204/tools/bin/../lib/gcc/arm-none-eabi/14.2.1/../../../../arm-none-eabi/lib/thumb/v7e-m+fp/hard\libcr_nohost_nf.a(__sys_tmpnam.o)
                0x00004906                __sys_tmpnam
 .text.__sys_write
                0x0000490c        0x4 C:/nxp/MCUXpressoIDE_25.6.136/ide/plugins/com.nxp.mcuxpresso.tools.win32_25.6.0.202501151204/tools/bin/../lib/gcc/arm-none-eabi/14.2.1/../../../../arm-none-eabi/lib/thumb/v7e-m+fp/hard\libcr_nohost_nf.a(__sys_write.o)
                0x0000490c                __sys_write
 *(SORT_BY_ALIGNMENT(.rodata) SORT_BY_ALIGNMENT(.rodata.*) SORT_BY_ALIGNMENT(.constdata) SORT_BY_ALIGNMENT(.constdata.*))
 .rodata.read_uint_from_console.str1.4
                0x00004910      0x8b0 ./source/Project.o
                                 0x22 (size before relaxing)
 .rodata.PIT0_IRQHandler.str1.4
                0x000051c0       0x85 ./source/Project.o
 .rodata.PORTD_IRQHandler.str1.4
                0x000051c0       0x33 ./source/Project.o
 .rodata.PORTA_IRQHandler.str1.4
                0x000051c0       0x4b ./source/Project.o
 .rodata.main.str1.4
                0x000051c0      0x1cf ./source/Project.o
 .rodata.CLOCK_GetMcgExtClkFreq.str1.4
                0x000051c0       0x49 ./drivers/fsl_clock.o
 .rodata.CLOCK_GetOsc0ErClkUndivFreq.str1.4
                0x000051c0       0x1e ./drivers/fsl_clock.o
 .rodata.CLOCK_GetOsc0ErClkDivFreq.str1.4
                0x000051c0       0x1e ./drivers/fsl_clock.o
 .rodata.CLOCK_GetEr32kClkFreq.str1.4
                0x000051c0       0x1f ./drivers/fsl_clock.o
 .rodata.CLOCK_EnableUsbfs0Clock.str1.4
                0x000051c0       0x2d ./drivers/fsl_clock.o
 .rodata.CLOCK_GetPll0Freq.str1.4
                0x000051c0       0x1d ./drivers/fsl_clock.o
 .rodata.CLOCK_EnablePll0.str1.4
                0x000051c0       0x1a ./drivers/fsl_clock.o
 .rodata.CLOCK_SetPbeMode.str1.4
                0x000051c0       0x1a ./drivers/fsl_clock.o
 .rodata.CLOCK_BootToPeeMode.str1.4
                0x000051c0       0x1a ./drivers/fsl_clock.o
 .rodata.fllFactorTable.1
                0x000051c0       0x10 ./drivers/fsl_clock.o
 .rodata.s_portBases
                0x000051d0       0x14 ./drivers/fsl_gpio.o
 .rodata.s_gpioBases
                0x000051e4       0x14 ./drivers/fsl_gpio.o
 .rodata.GPIO_GetInstance.str1.4
                0x000051f8       0x33 ./drivers/fsl_gpio.o
 .rodata.GPIO_PinInit.str1.4
                0x000051f8       0x20 ./drivers/fsl_gpio.o
 .rodata.PIT_GetInstance.str1.4
                0x000051f8       0x31 ./drivers/fsl_pit.o
 .rodata.PIT_Init.str1.4
                0x000051f8       0x1e ./drivers/fsl_pit.o
 .rodata.s_uartBases
                0x000051f8       0x14 ./drivers/fsl_uart.o
 .rodata.s_uartClock
                0x0000520c       0x14 ./drivers/fsl_uart.o
 .rodata.UART_GetInstance.str1.4
                0x00005220       0x2b ./drivers/fsl_uart.o
 .rodata.UART_Init.str1.4
                0x00005220       0xfb ./drivers/fsl_uart.o
 .rodata.UART_GetDefaultConfig.str1.4
                0x00005220       0x20 ./drivers/fsl_uart.o
 .rodata.UART_ReadBlocking.str1.4
                0x00005220       0x1e ./drivers/fsl_uart.o
 .rodata.s_UartAdapterBase
                0x00005220       0x14 ./component/uart/fsl_adapter_uart.o
 .rodata.HAL_UartInit.str1.4
                0x00005234       0xdd ./component/uart/fsl_adapter_uart.o
 .rodata.HAL_UartReceiveBlocking.str1.4
                0x00005234       0x60 ./component/uart/fsl_adapter_uart.o
 .rodata.HAL_UartSendBlocking.str1.4
                0x00005234       0x60 ./component/uart/fsl_adapter_uart.o
 .rodata.mcgConfig_BOARD_BootClockHSRUN
                0x00005234        0xc ./board/clock_config.o
                0x00005234                mcgConfig_BOARD_BootClockHSRUN
 .rodata.simConfig_BOARD_BootClockHSRUN
                0x00005240        0x8 ./board/clock_config.o
                0x00005240                simConfig_BOARD_BootClockHSRUN
 .rodata.oscConfig_BOARD_BootClockHSRUN
                0x00005248        0x8 ./board/clock_config.o
                0x00005248                oscConfig_BOARD_BootClockHSRUN
 .rodata.PIT_SetTimerPeriod.str1.4
                0x00005250       0x5c ./board/peripherals.o
 .rodata.PIT_config
                0x00005250        0x1 ./board/peripherals.o
                0x00005250                PIT_config
 .rodata.PORT_SetPinConfig.str1.4
                0x00005251       0x58 ./board/pin_mux.o
 *fill*         0x00005251        0x3 ff
 .rodata        0x00005254        0x2 ./board/pin_mux.o
 *fill*         0x00005256        0x2 ff
 .rodata.__num_Ciob_streams
                0x00005258        0x4 C:/nxp/MCUXpressoIDE_25.6.136/ide/plugins/com.nxp.mcuxpresso.tools.win32_25.6.0.202501151204/tools/bin/../lib/gcc/arm-none-eabi/14.2.1/../../../../arm-none-eabi/lib/thumb/v7e-m+fp/hard\libcr_nohost_nf.a(__ciob.o)
                0x00005258                __num_Ciob_streams
 .rodata.__assertion_failed.str1.1
                0x0000525c       0x31 C:/nxp/MCUXpressoIDE_25.6.136/ide/plugins/com.nxp.mcuxpresso.tools.win32_25.6.0.202501151204/tools/bin/../lib/gcc/arm-none-eabi/14.2.1/../../../../arm-none-eabi/lib/thumb/v7e-m+fp/hard\libcr_nohost_nf.a(_cr_assert.o)
                                 0x15 (size before relaxing)
 .rodata._Csys_alloc.str1.1
                0x0000528d       0x18 C:/nxp/MCUXpressoIDE_25.6.136/ide/plugins/com.nxp.mcuxpresso.tools.win32_25.6.0.202501151204/tools/bin/../lib/gcc/arm-none-eabi/14.2.1/../../../../arm-none-eabi/lib/thumb/v7e-m+fp/hard\libcr_c.a(alloc.o)
 .rodata._initio.str1.1
                0x0000528d        0x4 C:/nxp/MCUXpressoIDE_25.6.136/ide/plugins/com.nxp.mcuxpresso.tools.win32_25.6.0.202501151204/tools/bin/../lib/gcc/arm-none-eabi/14.2.1/../../../../arm-none-eabi/lib/thumb/v7e-m+fp/hard\libcr_c.a(initio.o)
                0x000052a8                        . = ALIGN (0x8)
 *fill*         0x0000528d        0x3 ff

.glue_7         0x00005290        0x0
 .glue_7        0x00005290        0x0 linker stubs

.glue_7t        0x00005290        0x0
 .glue_7t       0x00005290        0x0 linker stubs

.vfp11_veneer   0x00005290        0x0
 .vfp11_veneer  0x00005290        0x0 linker stubs

.v4_bx          0x00005290        0x0
 .v4_bx         0x00005290        0x0 linker stubs

.iplt           0x00005290        0x0
 .iplt          0x00005290        0x0 ./utilities/fsl_debug_console.o

.rel.dyn        0x00005290        0x0
 .rel.iplt      0x00005290        0x0 ./utilities/fsl_debug_console.o

.ARM.extab
 *(SORT_BY_ALIGNMENT(.ARM.extab*) SORT_BY_ALIGNMENT(.gnu.linkonce.armextab.*))

.ARM.exidx      0x00005290        0x0
                0x00005290                        __exidx_start = .
 *(SORT_BY_ALIGNMENT(.ARM.exidx*) SORT_BY_ALIGNMENT(.gnu.linkonce.armexidx.*))
                0x00005290                        __exidx_end = .
                0x00005290                        _etext = .

.m_usb_data
 *(SORT_BY_ALIGNMENT(m_usb_bdt))

.data_RAM2      0x1fff0000        0x0 load address 0x00005290
 FILL mask 0xff
                [!provide]                        PROVIDE (__start_data_RAM2 = .)
                [!provide]                        PROVIDE (__start_data_SRAM_LOWER = .)
 *(SORT_BY_ALIGNMENT(.ramfunc.$RAM2))
 *(SORT_BY_ALIGNMENT(.ramfunc.$SRAM_LOWER))
 *(SORT_BY_ALIGNMENT(.data.$RAM2))
 *(SORT_BY_ALIGNMENT(.data.$SRAM_LOWER))
 *(SORT_BY_ALIGNMENT(.data.$RAM2.*))
 *(SORT_BY_ALIGNMENT(.data.$SRAM_LOWER.*))
                0x1fff0000                        . = ALIGN (0x8)
                [!provide]                        PROVIDE (__end_data_RAM2 = .)
                [!provide]                        PROVIDE (__end_data_SRAM_LOWER = .)

.data_RAM3      0x14000000        0x0 load address 0x00005290
 FILL mask 0xff
                [!provide]                        PROVIDE (__start_data_RAM3 = .)
                [!provide]                        PROVIDE (__start_data_FLEX_RAM = .)
 *(SORT_BY_ALIGNMENT(.ramfunc.$RAM3))
 *(SORT_BY_ALIGNMENT(.ramfunc.$FLEX_RAM))
 *(SORT_BY_ALIGNMENT(.data.$RAM3))
 *(SORT_BY_ALIGNMENT(.data.$FLEX_RAM))
 *(SORT_BY_ALIGNMENT(.data.$RAM3.*))
 *(SORT_BY_ALIGNMENT(.data.$FLEX_RAM.*))
                0x14000000                        . = ALIGN (0x8)
                [!provide]                        PROVIDE (__end_data_RAM3 = .)
                [!provide]                        PROVIDE (__end_data_FLEX_RAM = .)

.uninit_RESERVED
                0x20000000        0x0
                0x20000000                        _start_uninit_RESERVED = .
 *(SORT_BY_ALIGNMENT(.bss.$RESERVED*))
                0x20000000                        . = ALIGN (0x8)
                0x20000000                        _end_uninit_RESERVED = .

.data           0x20000000       0x10 load address 0x00005290
 FILL mask 0xff
                0x20000000                        _data = .
                [!provide]                        PROVIDE (__start_data_RAM = .)
                [!provide]                        PROVIDE (__start_data_SRAM_UPPER = .)
 *(SORT_BY_ALIGNMENT(vtable))
 *(SORT_BY_ALIGNMENT(.ramfunc*))
 *(SORT_BY_ALIGNMENT(CodeQuickAccess))
 *(SORT_BY_ALIGNMENT(DataQuickAccess))
 *(SORT_BY_ALIGNMENT(RamFunction))
 *(SORT_BY_ALIGNMENT(.data*))
 .data.s_slowIrcFreq
                0x20000000        0x4 ./drivers/fsl_clock.o
 .data.s_fastIrcFreq
                0x20000004        0x4 ./drivers/fsl_clock.o
 .data.SystemCoreClock
                0x20000008        0x4 ./device/system_MK66F18.o
                0x20000008                SystemCoreClock
                0x20000010                        . = ALIGN (0x8)
 *fill*         0x2000000c        0x4 ff
                0x20000010                        _edata = .
                [!provide]                        PROVIDE (__end_data_RAM = .)
                [!provide]                        PROVIDE (__end_data_SRAM_UPPER = .)

.igot.plt       0x20000010        0x0 load address 0x000052a0
 .igot.plt      0x20000010        0x0 ./utilities/fsl_debug_console.o

.bss_RAM2       0x1fff0000        0x0
                [!provide]                        PROVIDE (__start_bss_RAM2 = .)
                [!provide]                        PROVIDE (__start_bss_SRAM_LOWER = .)
 *(SORT_BY_ALIGNMENT(.bss.$RAM2))
 *(SORT_BY_ALIGNMENT(.bss.$SRAM_LOWER))
 *(SORT_BY_ALIGNMENT(.bss.$RAM2.*))
 *(SORT_BY_ALIGNMENT(.bss.$SRAM_LOWER.*))
                0x1fff0000                        . = ALIGN ((. != 0x0)?0x8:0x1)
                [!provide]                        PROVIDE (__end_bss_RAM2 = .)
                [!provide]                        PROVIDE (__end_bss_SRAM_LOWER = .)

.bss_RAM3       0x14000000        0x0
                [!provide]                        PROVIDE (__start_bss_RAM3 = .)
                [!provide]                        PROVIDE (__start_bss_FLEX_RAM = .)
 *(SORT_BY_ALIGNMENT(.bss.$RAM3))
 *(SORT_BY_ALIGNMENT(.bss.$FLEX_RAM))
 *(SORT_BY_ALIGNMENT(.bss.$RAM3.*))
 *(SORT_BY_ALIGNMENT(.bss.$FLEX_RAM.*))
                0x14000000                        . = ALIGN ((. != 0x0)?0x8:0x1)
                [!provide]                        PROVIDE (__end_bss_RAM3 = .)
                [!provide]                        PROVIDE (__end_bss_FLEX_RAM = .)

.bss            0x20000010      0x138
                0x20000010                        _bss = .
                [!provide]                        PROVIDE (__start_bss_RAM = .)
                [!provide]                        PROVIDE (__start_bss_SRAM_UPPER = .)
 *(SORT_BY_ALIGNMENT(.bss*))
 .bss.s_debugConsoleState
                0x20000010       0x20 ./utilities/fsl_debug_console.o
 .bss.g_serialHandle
                0x20000030        0x4 ./utilities/fsl_debug_console.o
                0x20000030                g_serialHandle
 .bss.target_time
                0x20000034        0x4 ./source/Project.o
                0x20000034                target_time
 .bss.elapsed_time
                0x20000038        0x4 ./source/Project.o
                0x20000038                elapsed_time
 .bss.requested_time
                0x2000003c        0x4 ./source/Project.o
                0x2000003c                requested_time
 .bss.s_extPllFreq
                0x20000040        0x4 ./drivers/fsl_clock.o
 .bss.g_xtal0Freq
                0x20000044        0x4 ./drivers/fsl_clock.o
                0x20000044                g_xtal0Freq
 .bss.g_xtal32Freq
                0x20000048        0x4 ./drivers/fsl_clock.o
                0x20000048                g_xtal32Freq
 .bss.s_i2cHandle
                0x2000004c       0x10 ./drivers/fsl_i2c.o
 .bss.s_i2cMasterIsr
                0x2000005c        0x4 ./drivers/fsl_i2c.o
 .bss.s_i2cSlaveIsr
                0x20000060        0x4 ./drivers/fsl_i2c.o
 .bss.s_uartHandle
                0x20000064       0x14 ./drivers/fsl_uart.o
                0x20000064                s_uartHandle
 .bss.s_uartIsr
                0x20000078        0x4 ./drivers/fsl_uart.o
                0x20000078                s_uartIsr
 .bss.__Ciob    0x2000007c       0xb4 C:/nxp/MCUXpressoIDE_25.6.136/ide/plugins/com.nxp.mcuxpresso.tools.win32_25.6.0.202501151204/tools/bin/../lib/gcc/arm-none-eabi/14.2.1/../../../../arm-none-eabi/lib/thumb/v7e-m+fp/hard\libcr_nohost_nf.a(__ciob.o)
                0x2000007c                __Ciob
 .bss.errno     0x20000130        0x4 C:/nxp/MCUXpressoIDE_25.6.136/ide/plugins/com.nxp.mcuxpresso.tools.win32_25.6.0.202501151204/tools/bin/../lib/gcc/arm-none-eabi/14.2.1/../../../../arm-none-eabi/lib/thumb/v7e-m+fp/hard\libcr_c.a(errno.o)
                0x20000130                errno
 .bss.__end_of_heap
                0x20000134        0x4 C:/nxp/MCUXpressoIDE_25.6.136/ide/plugins/com.nxp.mcuxpresso.tools.win32_25.6.0.202501151204/tools/bin/../lib/gcc/arm-none-eabi/14.2.1/../../../../arm-none-eabi/lib/thumb/v7e-m+fp/hard\libcr_c.a(__init_alloc.o)
                0x20000134                __end_of_heap
 .bss.__heaps   0x20000138        0x4 C:/nxp/MCUXpressoIDE_25.6.136/ide/plugins/com.nxp.mcuxpresso.tools.win32_25.6.0.202501151204/tools/bin/../lib/gcc/arm-none-eabi/14.2.1/../../../../arm-none-eabi/lib/thumb/v7e-m+fp/hard\libcr_c.a(__init_alloc.o)
                0x20000138                __heaps
 .bss.s_debugConsoleReadWaitSemaphore
                0x2000013c        0x1 ./utilities/fsl_debug_console.o
 .bss.timer_running
                0x2000013d        0x1 ./source/Project.o
                0x2000013d                timer_running
 .bss.timer_expired
                0x2000013e        0x1 ./source/Project.o
                0x2000013e                timer_expired
 .bss.blink_state
                0x2000013f        0x1 ./source/Project.o
                0x2000013f                blink_state
 .bss.ready_mode
                0x20000140        0x1 ./source/Project.o
                0x20000140                ready_mode
 *(SORT_BY_ALIGNMENT(COMMON))
                0x20000148                        . = ALIGN (0x8)
 *fill*         0x20000141        0x7 
                0x20000148                        _ebss = .
                [!provide]                        PROVIDE (__end_bss_RAM = .)
                [!provide]                        PROVIDE (__end_bss_SRAM_UPPER = .)
                [!provide]                        PROVIDE (end = .)

.noinit_RAM2    0x1fff0000        0x0
                [!provide]                        PROVIDE (__start_noinit_RAM2 = .)
                [!provide]                        PROVIDE (__start_noinit_SRAM_LOWER = .)
 *(SORT_BY_ALIGNMENT(.noinit.$RAM2))
 *(SORT_BY_ALIGNMENT(.noinit.$SRAM_LOWER))
 *(SORT_BY_ALIGNMENT(.noinit.$RAM2.*))
 *(SORT_BY_ALIGNMENT(.noinit.$SRAM_LOWER.*))
                0x1fff0000                        . = ALIGN (0x8)
                [!provide]                        PROVIDE (__end_noinit_RAM2 = .)
                [!provide]                        PROVIDE (__end_noinit_SRAM_LOWER = .)

.noinit_RAM3    0x14000000        0x0
                [!provide]                        PROVIDE (__start_noinit_RAM3 = .)
                [!provide]                        PROVIDE (__start_noinit_FLEX_RAM = .)
 *(SORT_BY_ALIGNMENT(.noinit.$RAM3))
 *(SORT_BY_ALIGNMENT(.noinit.$FLEX_RAM))
 *(SORT_BY_ALIGNMENT(.noinit.$RAM3.*))
 *(SORT_BY_ALIGNMENT(.noinit.$FLEX_RAM.*))
                0x14000000                        . = ALIGN (0x8)
                [!provide]                        PROVIDE (__end_noinit_RAM3 = .)
                [!provide]                        PROVIDE (__end_noinit_FLEX_RAM = .)

.noinit         0x20000148        0x0
                0x20000148                        _noinit = .
                [!provide]                        PROVIDE (__start_noinit_RAM = .)
                [!provide]                        PROVIDE (__start_noinit_SRAM_UPPER = .)
 *(SORT_BY_ALIGNMENT(.noinit*))
                0x20000148                        . = ALIGN (0x8)
                0x20000148                        _end_noinit = .
                [!provide]                        PROVIDE (__end_noinit_RAM = .)
                [!provide]                        PROVIDE (__end_noinit_SRAM_UPPER = .)
                0x00001000                        _HeapSize = 0x1000

.heap           0x20000148     0x1000
                0x20000148                        _pvHeapStart = .
                0x20001148                        . = (. + _HeapSize)
 *fill*         0x20000148     0x1000 
                0x20001148                        . = ALIGN (0x8)
                0x20001148                        _pvHeapLimit = .
                0x00001000                        _StackSize = 0x1000

.heap2stackfill
                0x20001148     0x1000
                0x20002148                        . = (. + _StackSize)
 *fill*         0x20001148     0x1000 

.stack          0x2002f000        0x0
                0x2002f000                        _vStackBase = .
                0x2002f000                        . = ALIGN (0x8)
                0x20030000                        _vStackTop = (. + _StackSize)
                0x00000000                        _image_start = LOADADDR (.text)
                0x000052a0                        _image_end = (LOADADDR (.data) + SIZEOF (.data))
                0x000052a0                        _image_size = (_image_end - _image_start)
OUTPUT(Project.axf elf32-littlearm)
LOAD linker stubs

.debug_info     0x00000000    0x13d95
 .debug_info    0x00000000      0xdc9 ./utilities/fsl_debug_console.o
 .debug_info    0x00000dc9      0xb80 ./utilities/fsl_str.o
 .debug_info    0x00001949      0xe97 ./startup/startup_mk66f18.o
 .debug_info    0x000027e0       0x24 ./source/Function.o
 .debug_info    0x00002804      0x7c3 ./source/Project.o
 .debug_info    0x00002fc7       0x3c ./source/semihost_hardfault.o
 .debug_info    0x00003003     0x296f ./drivers/fsl_clock.o
 .debug_info    0x00005972      0x6bb ./drivers/fsl_gpio.o
 .debug_info    0x0000602d     0x1f92 ./drivers/fsl_i2c.o
 .debug_info    0x00007fbf      0x872 ./drivers/fsl_pit.o
 .debug_info    0x00008831      0xb86 ./drivers/fsl_smc.o
 .debug_info    0x000093b7     0x20dd ./drivers/fsl_uart.o
 .debug_info    0x0000b494      0xa4e ./device/system_MK66F18.o
 .debug_info    0x0000bee2      0xbe9 ./component/uart/fsl_adapter_uart.o
 .debug_info    0x0000cacb      0x9c2 ./component/serial_manager/fsl_component_serial_manager.o
 .debug_info    0x0000d48d      0x530 ./component/serial_manager/fsl_component_serial_port_uart.o
 .debug_info    0x0000d9bd      0x14b ./board/board.o
 .debug_info    0x0000db08     0x17fe ./board/clock_config.o
 .debug_info    0x0000f306      0xb7d ./board/peripherals.o
 .debug_info    0x0000fe83      0xdc8 ./board/pin_mux.o
 .debug_info    0x00010c4b       0x85 C:/nxp/MCUXpressoIDE_25.6.136/ide/plugins/com.nxp.mcuxpresso.tools.win32_25.6.0.202501151204/tools/bin/../lib/gcc/arm-none-eabi/14.2.1/../../../../arm-none-eabi/lib/thumb/v7e-m+fp/hard\libcr_nohost_nf.a(_cr__main.o)
 .debug_info    0x00010cd0      0x235 C:/nxp/MCUXpressoIDE_25.6.136/ide/plugins/com.nxp.mcuxpresso.tools.win32_25.6.0.202501151204/tools/bin/../lib/gcc/arm-none-eabi/14.2.1/../../../../arm-none-eabi/lib/thumb/v7e-m+fp/hard\libcr_nohost_nf.a(_cr_assert.o)
 .debug_info    0x00010f05      0x18b C:/nxp/MCUXpressoIDE_25.6.136/ide/plugins/com.nxp.mcuxpresso.tools.win32_25.6.0.202501151204/tools/bin/../lib/gcc/arm-none-eabi/14.2.1/../../../../arm-none-eabi/lib/thumb/v7e-m+fp/hard\libcr_nohost_nf.a(__ciob.o)
 .debug_info    0x00011090       0x38 C:/nxp/MCUXpressoIDE_25.6.136/ide/plugins/com.nxp.mcuxpresso.tools.win32_25.6.0.202501151204/tools/bin/../lib/gcc/arm-none-eabi/14.2.1/../../../../arm-none-eabi/lib/thumb/v7e-m+fp/hard\libcr_nohost_nf.a(__sys_appexit.o)
 .debug_info    0x000110c8      0x12b C:/nxp/MCUXpressoIDE_25.6.136/ide/plugins/com.nxp.mcuxpresso.tools.win32_25.6.0.202501151204/tools/bin/../lib/gcc/arm-none-eabi/14.2.1/../../../../arm-none-eabi/lib/thumb/v7e-m+fp/hard\libcr_c.a(memcpy.o)
 .debug_info    0x000111f3       0xfc C:/nxp/MCUXpressoIDE_25.6.136/ide/plugins/com.nxp.mcuxpresso.tools.win32_25.6.0.202501151204/tools/bin/../lib/gcc/arm-none-eabi/14.2.1/../../../../arm-none-eabi/lib/thumb/v7e-m+fp/hard\libcr_c.a(memset.o)
 .debug_info    0x000112ef      0x396 C:/nxp/MCUXpressoIDE_25.6.136/ide/plugins/com.nxp.mcuxpresso.tools.win32_25.6.0.202501151204/tools/bin/../lib/gcc/arm-none-eabi/14.2.1/../../../../arm-none-eabi/lib/thumb/v7e-m+fp/hard\libcr_c.a(_deferredlazyseek.o)
 .debug_info    0x00011685      0x1e3 C:/nxp/MCUXpressoIDE_25.6.136/ide/plugins/com.nxp.mcuxpresso.tools.win32_25.6.0.202501151204/tools/bin/../lib/gcc/arm-none-eabi/14.2.1/../../../../arm-none-eabi/lib/thumb/v7e-m+fp/hard\libcr_c.a(_fflush.o)
 .debug_info    0x00011868      0x289 C:/nxp/MCUXpressoIDE_25.6.136/ide/plugins/com.nxp.mcuxpresso.tools.win32_25.6.0.202501151204/tools/bin/../lib/gcc/arm-none-eabi/14.2.1/../../../../arm-none-eabi/lib/thumb/v7e-m+fp/hard\libcr_c.a(_writebuf.o)
 .debug_info    0x00011af1      0x520 C:/nxp/MCUXpressoIDE_25.6.136/ide/plugins/com.nxp.mcuxpresso.tools.win32_25.6.0.202501151204/tools/bin/../lib/gcc/arm-none-eabi/14.2.1/../../../../arm-none-eabi/lib/thumb/v7e-m+fp/hard\libcr_c.a(alloc.o)
 .debug_info    0x00012011       0x44 C:/nxp/MCUXpressoIDE_25.6.136/ide/plugins/com.nxp.mcuxpresso.tools.win32_25.6.0.202501151204/tools/bin/../lib/gcc/arm-none-eabi/14.2.1/../../../../arm-none-eabi/lib/thumb/v7e-m+fp/hard\libcr_c.a(errno.o)
 .debug_info    0x00012055      0x1e0 C:/nxp/MCUXpressoIDE_25.6.136/ide/plugins/com.nxp.mcuxpresso.tools.win32_25.6.0.202501151204/tools/bin/../lib/gcc/arm-none-eabi/14.2.1/../../../../arm-none-eabi/lib/thumb/v7e-m+fp/hard\libcr_c.a(fputs.o)
 .debug_info    0x00012235      0x276 C:/nxp/MCUXpressoIDE_25.6.136/ide/plugins/com.nxp.mcuxpresso.tools.win32_25.6.0.202501151204/tools/bin/../lib/gcc/arm-none-eabi/14.2.1/../../../../arm-none-eabi/lib/thumb/v7e-m+fp/hard\libcr_c.a(fseek.o)
 .debug_info    0x000124ab      0x197 C:/nxp/MCUXpressoIDE_25.6.136/ide/plugins/com.nxp.mcuxpresso.tools.win32_25.6.0.202501151204/tools/bin/../lib/gcc/arm-none-eabi/14.2.1/../../../../arm-none-eabi/lib/thumb/v7e-m+fp/hard\libcr_c.a(ftell.o)
 .debug_info    0x00012642      0x339 C:/nxp/MCUXpressoIDE_25.6.136/ide/plugins/com.nxp.mcuxpresso.tools.win32_25.6.0.202501151204/tools/bin/../lib/gcc/arm-none-eabi/14.2.1/../../../../arm-none-eabi/lib/thumb/v7e-m+fp/hard\libcr_c.a(initio.o)
 .debug_info    0x0001297b      0x1fd C:/nxp/MCUXpressoIDE_25.6.136/ide/plugins/com.nxp.mcuxpresso.tools.win32_25.6.0.202501151204/tools/bin/../lib/gcc/arm-none-eabi/14.2.1/../../../../arm-none-eabi/lib/thumb/v7e-m+fp/hard\libcr_c.a(setvbuf.o)
 .debug_info    0x00012b78       0xe1 C:/nxp/MCUXpressoIDE_25.6.136/ide/plugins/com.nxp.mcuxpresso.tools.win32_25.6.0.202501151204/tools/bin/../lib/gcc/arm-none-eabi/14.2.1/../../../../arm-none-eabi/lib/thumb/v7e-m+fp/hard\libcr_c.a(strlen.o)
 .debug_info    0x00012c59       0xd4 C:/nxp/MCUXpressoIDE_25.6.136/ide/plugins/com.nxp.mcuxpresso.tools.win32_25.6.0.202501151204/tools/bin/../lib/gcc/arm-none-eabi/14.2.1/../../../../arm-none-eabi/lib/thumb/v7e-m+fp/hard\libcr_c.a(__init_alloc.o)
 .debug_info    0x00012d2d      0x107 C:/nxp/MCUXpressoIDE_25.6.136/ide/plugins/com.nxp.mcuxpresso.tools.win32_25.6.0.202501151204/tools/bin/../lib/gcc/arm-none-eabi/14.2.1/../../../../arm-none-eabi/lib/thumb/v7e-m+fp/hard\libcr_c.a(_cr_sbrk.o)
 .debug_info    0x00012e34      0x24b C:/nxp/MCUXpressoIDE_25.6.136/ide/plugins/com.nxp.mcuxpresso.tools.win32_25.6.0.202501151204/tools/bin/../lib/gcc/arm-none-eabi/14.2.1/../../../../arm-none-eabi/lib/thumb/v7e-m+fp/hard\libcr_c.a(_fdopen.o)
 .debug_info    0x0001307f      0x31e C:/nxp/MCUXpressoIDE_25.6.136/ide/plugins/com.nxp.mcuxpresso.tools.win32_25.6.0.202501151204/tools/bin/../lib/gcc/arm-none-eabi/14.2.1/../../../../arm-none-eabi/lib/thumb/v7e-m+fp/hard\libcr_c.a(fclose.o)
 .debug_info    0x0001339d      0x209 C:/nxp/MCUXpressoIDE_25.6.136/ide/plugins/com.nxp.mcuxpresso.tools.win32_25.6.0.202501151204/tools/bin/../lib/gcc/arm-none-eabi/14.2.1/../../../../arm-none-eabi/lib/thumb/v7e-m+fp/hard\libcr_c.a(fflush.o)
 .debug_info    0x000135a6      0x1d7 C:/nxp/MCUXpressoIDE_25.6.136/ide/plugins/com.nxp.mcuxpresso.tools.win32_25.6.0.202501151204/tools/bin/../lib/gcc/arm-none-eabi/14.2.1/../../../../arm-none-eabi/lib/thumb/v7e-m+fp/hard\libcr_c.a(remove.o)
 .debug_info    0x0001377d       0x78 C:/nxp/MCUXpressoIDE_25.6.136/ide/plugins/com.nxp.mcuxpresso.tools.win32_25.6.0.202501151204/tools/bin/../lib/gcc/arm-none-eabi/14.2.1/../../../../arm-none-eabi/lib/thumb/v7e-m+fp/hard\libcr_c.a(_cr_check_heap.o)
 .debug_info    0x000137f5      0x23a C:/nxp/MCUXpressoIDE_25.6.136/ide/plugins/com.nxp.mcuxpresso.tools.win32_25.6.0.202501151204/tools/bin/../lib/gcc/arm-none-eabi/14.2.1/../../../../arm-none-eabi/lib/thumb/v7e-m+fp/hard\libcr_c.a(_do_fflush.o)
 .debug_info    0x00013a2f       0x6a C:/nxp/MCUXpressoIDE_25.6.136/ide/plugins/com.nxp.mcuxpresso.tools.win32_25.6.0.202501151204/tools/bin/../lib/gcc/arm-none-eabi/14.2.1/../../../../arm-none-eabi/lib/thumb/v7e-m+fp/hard\libcr_nohost_nf.a(__sys_close.o)
 .debug_info    0x00013a99       0x6a C:/nxp/MCUXpressoIDE_25.6.136/ide/plugins/com.nxp.mcuxpresso.tools.win32_25.6.0.202501151204/tools/bin/../lib/gcc/arm-none-eabi/14.2.1/../../../../arm-none-eabi/lib/thumb/v7e-m+fp/hard\libcr_nohost_nf.a(__sys_flen.o)
 .debug_info    0x00013b03       0x6a C:/nxp/MCUXpressoIDE_25.6.136/ide/plugins/com.nxp.mcuxpresso.tools.win32_25.6.0.202501151204/tools/bin/../lib/gcc/arm-none-eabi/14.2.1/../../../../arm-none-eabi/lib/thumb/v7e-m+fp/hard\libcr_nohost_nf.a(__sys_istty.o)
 .debug_info    0x00013b6d       0x8a C:/nxp/MCUXpressoIDE_25.6.136/ide/plugins/com.nxp.mcuxpresso.tools.win32_25.6.0.202501151204/tools/bin/../lib/gcc/arm-none-eabi/14.2.1/../../../../arm-none-eabi/lib/thumb/v7e-m+fp/hard\libcr_nohost_nf.a(__sys_remove.o)
 .debug_info    0x00013bf7       0x78 C:/nxp/MCUXpressoIDE_25.6.136/ide/plugins/com.nxp.mcuxpresso.tools.win32_25.6.0.202501151204/tools/bin/../lib/gcc/arm-none-eabi/14.2.1/../../../../arm-none-eabi/lib/thumb/v7e-m+fp/hard\libcr_nohost_nf.a(__sys_seek.o)
 .debug_info    0x00013c6f       0x93 C:/nxp/MCUXpressoIDE_25.6.136/ide/plugins/com.nxp.mcuxpresso.tools.win32_25.6.0.202501151204/tools/bin/../lib/gcc/arm-none-eabi/14.2.1/../../../../arm-none-eabi/lib/thumb/v7e-m+fp/hard\libcr_nohost_nf.a(__sys_tmpnam.o)
 .debug_info    0x00013d02       0x93 C:/nxp/MCUXpressoIDE_25.6.136/ide/plugins/com.nxp.mcuxpresso.tools.win32_25.6.0.202501151204/tools/bin/../lib/gcc/arm-none-eabi/14.2.1/../../../../arm-none-eabi/lib/thumb/v7e-m+fp/hard\libcr_nohost_nf.a(__sys_write.o)

.debug_abbrev   0x00000000     0x460d
 .debug_abbrev  0x00000000      0x270 ./utilities/fsl_debug_console.o
 .debug_abbrev  0x00000270      0x270 ./utilities/fsl_str.o
 .debug_abbrev  0x000004e0      0x17a ./startup/startup_mk66f18.o
 .debug_abbrev  0x0000065a       0x14 ./source/Function.o
 .debug_abbrev  0x0000066e      0x22d ./source/Project.o
 .debug_abbrev  0x0000089b       0x31 ./source/semihost_hardfault.o
 .debug_abbrev  0x000008cc      0x381 ./drivers/fsl_clock.o
 .debug_abbrev  0x00000c4d      0x1a5 ./drivers/fsl_gpio.o
 .debug_abbrev  0x00000df2      0x392 ./drivers/fsl_i2c.o
 .debug_abbrev  0x00001184      0x228 ./drivers/fsl_pit.o
 .debug_abbrev  0x000013ac      0x312 ./drivers/fsl_smc.o
 .debug_abbrev  0x000016be      0x463 ./drivers/fsl_uart.o
 .debug_abbrev  0x00001b21      0x148 ./device/system_MK66F18.o
 .debug_abbrev  0x00001c69      0x217 ./component/uart/fsl_adapter_uart.o
 .debug_abbrev  0x00001e80      0x25e ./component/serial_manager/fsl_component_serial_manager.o
 .debug_abbrev  0x000020de      0x18c ./component/serial_manager/fsl_component_serial_port_uart.o
 .debug_abbrev  0x0000226a       0xc7 ./board/board.o
 .debug_abbrev  0x00002331      0x2f3 ./board/clock_config.o
 .debug_abbrev  0x00002624      0x2a4 ./board/peripherals.o
 .debug_abbrev  0x000028c8      0x28a ./board/pin_mux.o
 .debug_abbrev  0x00002b52       0x70 C:/nxp/MCUXpressoIDE_25.6.136/ide/plugins/com.nxp.mcuxpresso.tools.win32_25.6.0.202501151204/tools/bin/../lib/gcc/arm-none-eabi/14.2.1/../../../../arm-none-eabi/lib/thumb/v7e-m+fp/hard\libcr_nohost_nf.a(_cr__main.o)
 .debug_abbrev  0x00002bc2      0x12f C:/nxp/MCUXpressoIDE_25.6.136/ide/plugins/com.nxp.mcuxpresso.tools.win32_25.6.0.202501151204/tools/bin/../lib/gcc/arm-none-eabi/14.2.1/../../../../arm-none-eabi/lib/thumb/v7e-m+fp/hard\libcr_nohost_nf.a(_cr_assert.o)
 .debug_abbrev  0x00002cf1       0xb5 C:/nxp/MCUXpressoIDE_25.6.136/ide/plugins/com.nxp.mcuxpresso.tools.win32_25.6.0.202501151204/tools/bin/../lib/gcc/arm-none-eabi/14.2.1/../../../../arm-none-eabi/lib/thumb/v7e-m+fp/hard\libcr_nohost_nf.a(__ciob.o)
 .debug_abbrev  0x00002da6       0x2e C:/nxp/MCUXpressoIDE_25.6.136/ide/plugins/com.nxp.mcuxpresso.tools.win32_25.6.0.202501151204/tools/bin/../lib/gcc/arm-none-eabi/14.2.1/../../../../arm-none-eabi/lib/thumb/v7e-m+fp/hard\libcr_nohost_nf.a(__sys_appexit.o)
 .debug_abbrev  0x00002dd4       0xb6 C:/nxp/MCUXpressoIDE_25.6.136/ide/plugins/com.nxp.mcuxpresso.tools.win32_25.6.0.202501151204/tools/bin/../lib/gcc/arm-none-eabi/14.2.1/../../../../arm-none-eabi/lib/thumb/v7e-m+fp/hard\libcr_c.a(memcpy.o)
 .debug_abbrev  0x00002e8a       0xa8 C:/nxp/MCUXpressoIDE_25.6.136/ide/plugins/com.nxp.mcuxpresso.tools.win32_25.6.0.202501151204/tools/bin/../lib/gcc/arm-none-eabi/14.2.1/../../../../arm-none-eabi/lib/thumb/v7e-m+fp/hard\libcr_c.a(memset.o)
 .debug_abbrev  0x00002f32      0x18e C:/nxp/MCUXpressoIDE_25.6.136/ide/plugins/com.nxp.mcuxpresso.tools.win32_25.6.0.202501151204/tools/bin/../lib/gcc/arm-none-eabi/14.2.1/../../../../arm-none-eabi/lib/thumb/v7e-m+fp/hard\libcr_c.a(_deferredlazyseek.o)
 .debug_abbrev  0x000030c0       0xf1 C:/nxp/MCUXpressoIDE_25.6.136/ide/plugins/com.nxp.mcuxpresso.tools.win32_25.6.0.202501151204/tools/bin/../lib/gcc/arm-none-eabi/14.2.1/../../../../arm-none-eabi/lib/thumb/v7e-m+fp/hard\libcr_c.a(_fflush.o)
 .debug_abbrev  0x000031b1      0x126 C:/nxp/MCUXpressoIDE_25.6.136/ide/plugins/com.nxp.mcuxpresso.tools.win32_25.6.0.202501151204/tools/bin/../lib/gcc/arm-none-eabi/14.2.1/../../../../arm-none-eabi/lib/thumb/v7e-m+fp/hard\libcr_c.a(_writebuf.o)
 .debug_abbrev  0x000032d7      0x284 C:/nxp/MCUXpressoIDE_25.6.136/ide/plugins/com.nxp.mcuxpresso.tools.win32_25.6.0.202501151204/tools/bin/../lib/gcc/arm-none-eabi/14.2.1/../../../../arm-none-eabi/lib/thumb/v7e-m+fp/hard\libcr_c.a(alloc.o)
 .debug_abbrev  0x0000355b       0x44 C:/nxp/MCUXpressoIDE_25.6.136/ide/plugins/com.nxp.mcuxpresso.tools.win32_25.6.0.202501151204/tools/bin/../lib/gcc/arm-none-eabi/14.2.1/../../../../arm-none-eabi/lib/thumb/v7e-m+fp/hard\libcr_c.a(errno.o)
 .debug_abbrev  0x0000359f      0x10c C:/nxp/MCUXpressoIDE_25.6.136/ide/plugins/com.nxp.mcuxpresso.tools.win32_25.6.0.202501151204/tools/bin/../lib/gcc/arm-none-eabi/14.2.1/../../../../arm-none-eabi/lib/thumb/v7e-m+fp/hard\libcr_c.a(fputs.o)
 .debug_abbrev  0x000036ab      0x11b C:/nxp/MCUXpressoIDE_25.6.136/ide/plugins/com.nxp.mcuxpresso.tools.win32_25.6.0.202501151204/tools/bin/../lib/gcc/arm-none-eabi/14.2.1/../../../../arm-none-eabi/lib/thumb/v7e-m+fp/hard\libcr_c.a(fseek.o)
 .debug_abbrev  0x000037c6       0xc2 C:/nxp/MCUXpressoIDE_25.6.136/ide/plugins/com.nxp.mcuxpresso.tools.win32_25.6.0.202501151204/tools/bin/../lib/gcc/arm-none-eabi/14.2.1/../../../../arm-none-eabi/lib/thumb/v7e-m+fp/hard\libcr_c.a(ftell.o)
 .debug_abbrev  0x00003888      0x169 C:/nxp/MCUXpressoIDE_25.6.136/ide/plugins/com.nxp.mcuxpresso.tools.win32_25.6.0.202501151204/tools/bin/../lib/gcc/arm-none-eabi/14.2.1/../../../../arm-none-eabi/lib/thumb/v7e-m+fp/hard\libcr_c.a(initio.o)
 .debug_abbrev  0x000039f1       0xe1 C:/nxp/MCUXpressoIDE_25.6.136/ide/plugins/com.nxp.mcuxpresso.tools.win32_25.6.0.202501151204/tools/bin/../lib/gcc/arm-none-eabi/14.2.1/../../../../arm-none-eabi/lib/thumb/v7e-m+fp/hard\libcr_c.a(setvbuf.o)
 .debug_abbrev  0x00003ad2       0xa7 C:/nxp/MCUXpressoIDE_25.6.136/ide/plugins/com.nxp.mcuxpresso.tools.win32_25.6.0.202501151204/tools/bin/../lib/gcc/arm-none-eabi/14.2.1/../../../../arm-none-eabi/lib/thumb/v7e-m+fp/hard\libcr_c.a(strlen.o)
 .debug_abbrev  0x00003b79       0xaf C:/nxp/MCUXpressoIDE_25.6.136/ide/plugins/com.nxp.mcuxpresso.tools.win32_25.6.0.202501151204/tools/bin/../lib/gcc/arm-none-eabi/14.2.1/../../../../arm-none-eabi/lib/thumb/v7e-m+fp/hard\libcr_c.a(__init_alloc.o)
 .debug_abbrev  0x00003c28       0xd3 C:/nxp/MCUXpressoIDE_25.6.136/ide/plugins/com.nxp.mcuxpresso.tools.win32_25.6.0.202501151204/tools/bin/../lib/gcc/arm-none-eabi/14.2.1/../../../../arm-none-eabi/lib/thumb/v7e-m+fp/hard\libcr_c.a(_cr_sbrk.o)
 .debug_abbrev  0x00003cfb      0x119 C:/nxp/MCUXpressoIDE_25.6.136/ide/plugins/com.nxp.mcuxpresso.tools.win32_25.6.0.202501151204/tools/bin/../lib/gcc/arm-none-eabi/14.2.1/../../../../arm-none-eabi/lib/thumb/v7e-m+fp/hard\libcr_c.a(_fdopen.o)
 .debug_abbrev  0x00003e14      0x158 C:/nxp/MCUXpressoIDE_25.6.136/ide/plugins/com.nxp.mcuxpresso.tools.win32_25.6.0.202501151204/tools/bin/../lib/gcc/arm-none-eabi/14.2.1/../../../../arm-none-eabi/lib/thumb/v7e-m+fp/hard\libcr_c.a(fclose.o)
 .debug_abbrev  0x00003f6c      0x125 C:/nxp/MCUXpressoIDE_25.6.136/ide/plugins/com.nxp.mcuxpresso.tools.win32_25.6.0.202501151204/tools/bin/../lib/gcc/arm-none-eabi/14.2.1/../../../../arm-none-eabi/lib/thumb/v7e-m+fp/hard\libcr_c.a(fflush.o)
 .debug_abbrev  0x00004091       0xfb C:/nxp/MCUXpressoIDE_25.6.136/ide/plugins/com.nxp.mcuxpresso.tools.win32_25.6.0.202501151204/tools/bin/../lib/gcc/arm-none-eabi/14.2.1/../../../../arm-none-eabi/lib/thumb/v7e-m+fp/hard\libcr_c.a(remove.o)
 .debug_abbrev  0x0000418c       0x6b C:/nxp/MCUXpressoIDE_25.6.136/ide/plugins/com.nxp.mcuxpresso.tools.win32_25.6.0.202501151204/tools/bin/../lib/gcc/arm-none-eabi/14.2.1/../../../../arm-none-eabi/lib/thumb/v7e-m+fp/hard\libcr_c.a(_cr_check_heap.o)
 .debug_abbrev  0x000041f7      0x12c C:/nxp/MCUXpressoIDE_25.6.136/ide/plugins/com.nxp.mcuxpresso.tools.win32_25.6.0.202501151204/tools/bin/../lib/gcc/arm-none-eabi/14.2.1/../../../../arm-none-eabi/lib/thumb/v7e-m+fp/hard\libcr_c.a(_do_fflush.o)
 .debug_abbrev  0x00004323       0x5c C:/nxp/MCUXpressoIDE_25.6.136/ide/plugins/com.nxp.mcuxpresso.tools.win32_25.6.0.202501151204/tools/bin/../lib/gcc/arm-none-eabi/14.2.1/../../../../arm-none-eabi/lib/thumb/v7e-m+fp/hard\libcr_nohost_nf.a(__sys_close.o)
 .debug_abbrev  0x0000437f       0x5c C:/nxp/MCUXpressoIDE_25.6.136/ide/plugins/com.nxp.mcuxpresso.tools.win32_25.6.0.202501151204/tools/bin/../lib/gcc/arm-none-eabi/14.2.1/../../../../arm-none-eabi/lib/thumb/v7e-m+fp/hard\libcr_nohost_nf.a(__sys_flen.o)
 .debug_abbrev  0x000043db       0x5c C:/nxp/MCUXpressoIDE_25.6.136/ide/plugins/com.nxp.mcuxpresso.tools.win32_25.6.0.202501151204/tools/bin/../lib/gcc/arm-none-eabi/14.2.1/../../../../arm-none-eabi/lib/thumb/v7e-m+fp/hard\libcr_nohost_nf.a(__sys_istty.o)
 .debug_abbrev  0x00004437       0x7d C:/nxp/MCUXpressoIDE_25.6.136/ide/plugins/com.nxp.mcuxpresso.tools.win32_25.6.0.202501151204/tools/bin/../lib/gcc/arm-none-eabi/14.2.1/../../../../arm-none-eabi/lib/thumb/v7e-m+fp/hard\libcr_nohost_nf.a(__sys_remove.o)
 .debug_abbrev  0x000044b4       0x6d C:/nxp/MCUXpressoIDE_25.6.136/ide/plugins/com.nxp.mcuxpresso.tools.win32_25.6.0.202501151204/tools/bin/../lib/gcc/arm-none-eabi/14.2.1/../../../../arm-none-eabi/lib/thumb/v7e-m+fp/hard\libcr_nohost_nf.a(__sys_seek.o)
 .debug_abbrev  0x00004521       0x76 C:/nxp/MCUXpressoIDE_25.6.136/ide/plugins/com.nxp.mcuxpresso.tools.win32_25.6.0.202501151204/tools/bin/../lib/gcc/arm-none-eabi/14.2.1/../../../../arm-none-eabi/lib/thumb/v7e-m+fp/hard\libcr_nohost_nf.a(__sys_tmpnam.o)