C:\Users\kruna\Documents\MCUXpressoIDE_25.6.136\Microprocessor_Project\drivers/fsl_pit.h:220:20:PIT_ClearStatusFlags	24	static
../source/smart_safe_reminder.c:40:17:read_uint_from_console	24	static
../source/smart_safe_reminder.c:78:6:set_led_color	16	static
../source/smart_safe_reminder.c:92:6:PIT0_IRQHandler	8	static
../source/smart_safe_reminder.c:145:6:PORTD_IRQHandler	16	static
../source/smart_safe_reminder.c:166:6:PORTA_IRQHandler	16	static
../source/smart_safe_reminder.c:187:5:main	8	static
